Archive member included to satisfy reference by file (symbol)

c:/ac6/systemworkbench/plugins/fr.ac6.mcu.externaltools.arm-none.win32_1.17.0.201812190825/tools/compiler/bin/../lib/gcc/arm-none-eabi/7.3.1/thumb/v7e-m/fpv4-sp/hard\libgcc.a(_arm_addsubdf3.o)
                              modules/mtMonitoring.o (__aeabi_i2d)
c:/ac6/systemworkbench/plugins/fr.ac6.mcu.externaltools.arm-none.win32_1.17.0.201812190825/tools/compiler/bin/../lib/gcc/arm-none-eabi/7.3.1/thumb/v7e-m/fpv4-sp/hard\libgcc.a(_arm_muldivdf3.o)
                              modules/mtMonitoring.o (__aeabi_dmul)
c:/ac6/systemworkbench/plugins/fr.ac6.mcu.externaltools.arm-none.win32_1.17.0.201812190825/tools/compiler/bin/../lib/gcc/arm-none-eabi/7.3.1/thumb/v7e-m/fpv4-sp/hard\libgcc.a(_arm_fixdfsi.o)
                              modules/mtMonitoring.o (__aeabi_d2iz)
c:/ac6/systemworkbench/plugins/fr.ac6.mcu.externaltools.arm-none.win32_1.17.0.201812190825/tools/compiler/bin/../lib/gcc/arm-none-eabi/7.3.1/thumb/v7e-m/fpv4-sp/hard\libgcc.a(_aeabi_uldivmod.o)
                              Drivers/STM32F7xx_HAL_Driver/Src/stm32f7xx_hal_rcc.o (__aeabi_uldivmod)
c:/ac6/systemworkbench/plugins/fr.ac6.mcu.externaltools.arm-none.win32_1.17.0.201812190825/tools/compiler/bin/../lib/gcc/arm-none-eabi/7.3.1/thumb/v7e-m/fpv4-sp/hard\libgcc.a(_udivmoddi4.o)
                              c:/ac6/systemworkbench/plugins/fr.ac6.mcu.externaltools.arm-none.win32_1.17.0.201812190825/tools/compiler/bin/../lib/gcc/arm-none-eabi/7.3.1/thumb/v7e-m/fpv4-sp/hard\libgcc.a(_aeabi_uldivmod.o) (__udivmoddi4)
c:/ac6/systemworkbench/plugins/fr.ac6.mcu.externaltools.arm-none.win32_1.17.0.201812190825/tools/compiler/bin/../lib/gcc/arm-none-eabi/7.3.1/thumb/v7e-m/fpv4-sp/hard\libgcc.a(_dvmd_tls.o)
                              c:/ac6/systemworkbench/plugins/fr.ac6.mcu.externaltools.arm-none.win32_1.17.0.201812190825/tools/compiler/bin/../lib/gcc/arm-none-eabi/7.3.1/thumb/v7e-m/fpv4-sp/hard\libgcc.a(_aeabi_uldivmod.o) (__aeabi_ldiv0)
c:/ac6/systemworkbench/plugins/fr.ac6.mcu.externaltools.arm-none.win32_1.17.0.201812190825/tools/compiler/bin/../lib/gcc/arm-none-eabi/7.3.1/../../../../arm-none-eabi/lib/thumb/v7e-m/fpv4-sp/hard\libc_nano.a(lib_a-exit.o)
                              c:/ac6/systemworkbench/plugins/fr.ac6.mcu.externaltools.arm-none.win32_1.17.0.201812190825/tools/compiler/bin/../lib/gcc/arm-none-eabi/7.3.1/../../../../arm-none-eabi/lib/thumb/v7e-m/fpv4-sp/hard/crt0.o (exit)
c:/ac6/systemworkbench/plugins/fr.ac6.mcu.externaltools.arm-none.win32_1.17.0.201812190825/tools/compiler/bin/../lib/gcc/arm-none-eabi/7.3.1/../../../../arm-none-eabi/lib/thumb/v7e-m/fpv4-sp/hard\libc_nano.a(lib_a-fflush.o)
                              modules/mtCommunication.o (fflush)
c:/ac6/systemworkbench/plugins/fr.ac6.mcu.externaltools.arm-none.win32_1.17.0.201812190825/tools/compiler/bin/../lib/gcc/arm-none-eabi/7.3.1/../../../../arm-none-eabi/lib/thumb/v7e-m/fpv4-sp/hard\libc_nano.a(lib_a-findfp.o)
                              c:/ac6/systemworkbench/plugins/fr.ac6.mcu.externaltools.arm-none.win32_1.17.0.201812190825/tools/compiler/bin/../lib/gcc/arm-none-eabi/7.3.1/../../../../arm-none-eabi/lib/thumb/v7e-m/fpv4-sp/hard\libc_nano.a(lib_a-fflush.o) (__sinit)
c:/ac6/systemworkbench/plugins/fr.ac6.mcu.externaltools.arm-none.win32_1.17.0.201812190825/tools/compiler/bin/../lib/gcc/arm-none-eabi/7.3.1/../../../../arm-none-eabi/lib/thumb/v7e-m/fpv4-sp/hard\libc_nano.a(lib_a-fwalk.o)
                              c:/ac6/systemworkbench/plugins/fr.ac6.mcu.externaltools.arm-none.win32_1.17.0.201812190825/tools/compiler/bin/../lib/gcc/arm-none-eabi/7.3.1/../../../../arm-none-eabi/lib/thumb/v7e-m/fpv4-sp/hard\libc_nano.a(lib_a-findfp.o) (_fwalk)
c:/ac6/systemworkbench/plugins/fr.ac6.mcu.externaltools.arm-none.win32_1.17.0.201812190825/tools/compiler/bin/../lib/gcc/arm-none-eabi/7.3.1/../../../../arm-none-eabi/lib/thumb/v7e-m/fpv4-sp/hard\libc_nano.a(lib_a-impure.o)
                              c:/ac6/systemworkbench/plugins/fr.ac6.mcu.externaltools.arm-none.win32_1.17.0.201812190825/tools/compiler/bin/../lib/gcc/arm-none-eabi/7.3.1/../../../../arm-none-eabi/lib/thumb/v7e-m/fpv4-sp/hard\libc_nano.a(lib_a-exit.o) (_global_impure_ptr)
c:/ac6/systemworkbench/plugins/fr.ac6.mcu.externaltools.arm-none.win32_1.17.0.201812190825/tools/compiler/bin/../lib/gcc/arm-none-eabi/7.3.1/../../../../arm-none-eabi/lib/thumb/v7e-m/fpv4-sp/hard\libc_nano.a(lib_a-init.o)
                              c:/ac6/systemworkbench/plugins/fr.ac6.mcu.externaltools.arm-none.win32_1.17.0.201812190825/tools/compiler/bin/../lib/gcc/arm-none-eabi/7.3.1/../../../../arm-none-eabi/lib/thumb/v7e-m/fpv4-sp/hard/crt0.o (__libc_init_array)
c:/ac6/systemworkbench/plugins/fr.ac6.mcu.externaltools.arm-none.win32_1.17.0.201812190825/tools/compiler/bin/../lib/gcc/arm-none-eabi/7.3.1/../../../../arm-none-eabi/lib/thumb/v7e-m/fpv4-sp/hard\libc_nano.a(lib_a-memcpy-stub.o)
[...]
Memory Configuration

Name             Origin             Length             Attributes
RAM              0x20000000         0x00050000         xrw
FLASH            0x08008000         0x00100000         xr
*default*        0x00000000         0xffffffff

Linker script and memory map

LOAD c:/ac6/systemworkbench/plugins/fr.ac6.mcu.externaltools.arm-none.win32_1.17.0.201812190825/tools/compiler/bin/../lib/gcc/arm-none-eabi/7.3.1/thumb/v7e-m/fpv4-sp/hard/crti.o
LOAD c:/ac6/systemworkbench/plugins/fr.ac6.mcu.externaltools.arm-none.win32_1.17.0.201812190825/tools/compiler/bin/../lib/gcc/arm-none-eabi/7.3.1/thumb/v7e-m/fpv4-sp/hard/crtbegin.o
LOAD c:/ac6/systemworkbench/plugins/fr.ac6.mcu.externaltools.arm-none.win32_1.17.0.201812190825/tools/compiler/bin/../lib/gcc/arm-none-eabi/7.3.1/../../../../arm-none-eabi/lib/thumb/v7e-m/fpv4-sp/hard/crt0.o
LOAD Drivers/STM32F7xx_HAL_Driver/Src/stm32f7xx_hal.o
LOAD Drivers/STM32F7xx_HAL_Driver/Src/stm32f7xx_hal_adc.o
LOAD Drivers/STM32F7xx_HAL_Driver/Src/stm32f7xx_hal_adc_ex.o
LOAD Drivers/STM32F7xx_HAL_Driver/Src/stm32f7xx_hal_cortex.o
LOAD Drivers/STM32F7xx_HAL_Driver/Src/stm32f7xx_hal_dma.o
LOAD Drivers/STM32F7xx_HAL_Driver/Src/stm32f7xx_hal_dma_ex.o
LOAD Drivers/STM32F7xx_HAL_Driver/Src/stm32f7xx_hal_flash.o
LOAD Drivers/STM32F7xx_HAL_Driver/Src/stm32f7xx_hal_flash_ex.o
LOAD Drivers/STM32F7xx_HAL_Driver/Src/stm32f7xx_hal_gpio.o
LOAD Drivers/STM32F7xx_HAL_Driver/Src/stm32f7xx_hal_i2c.o
LOAD Drivers/STM32F7xx_HAL_Driver/Src/stm32f7xx_hal_i2c_ex.o
LOAD Drivers/STM32F7xx_HAL_Driver/Src/stm32f7xx_hal_nor.o
LOAD Drivers/STM32F7xx_HAL_Driver/Src/stm32f7xx_hal_pwr.o
LOAD Drivers/STM32F7xx_HAL_Driver/Src/stm32f7xx_hal_pwr_ex.o
LOAD Drivers/STM32F7xx_HAL_Driver/Src/stm32f7xx_hal_rcc.o
LOAD Drivers/STM32F7xx_HAL_Driver/Src/stm32f7xx_hal_rcc_ex.o
LOAD Drivers/STM32F7xx_HAL_Driver/Src/stm32f7xx_hal_spi.o
LOAD Drivers/STM32F7xx_HAL_Driver/Src/stm32f7xx_hal_tim.o
LOAD Drivers/STM32F7xx_HAL_Driver/Src/stm32f7xx_hal_tim_ex.o
LOAD Drivers/STM32F7xx_HAL_Driver/Src/stm32f7xx_hal_uart.o
LOAD Drivers/STM32F7xx_HAL_Driver/Src/stm32f7xx_ll_fmc.o
LOAD Middlewares/Third_Party/FreeRTOS/Source/CMSIS_RTOS/cmsis_os.o
LOAD Middlewares/Third_Party/FreeRTOS/Source/croutine.o
LOAD Middlewares/Third_Party/FreeRTOS/Source/event_groups.o
LOAD Middlewares/Third_Party/FreeRTOS/Source/list.o
LOAD Middlewares/Third_Party/FreeRTOS/Source/queue.o
LOAD Middlewares/Third_Party/FreeRTOS/Source/tasks.o
LOAD Middlewares/Third_Party/FreeRTOS/Source/timers.o
LOAD Middlewares/Third_Party/FreeRTOS/Source/portable/GCC/ARM_CM7/r0p1/port.o
LOAD Middlewares/Third_Party/FreeRTOS/Source/portable/MemMang/heap_4.o
LOAD Src/freertos.o
LOAD Src/main.o
LOAD Src/ring_buffer.o
LOAD Src/stm32f7xx_hal_msp.o
LOAD Src/stm32f7xx_hal_timebase_TIM.o
LOAD Src/stm32f7xx_it.o
LOAD Src/system_stm32f7xx.o
LOAD modules/mDataManage.o
LOAD modules/mLibrary.o
LOAD modules/mMotorOut.o
LOAD modules/mtCommunication.o
LOAD modules/mtDecisionControl.o
LOAD modules/mtInputProcessing.o
LOAD modules/mtMonitoring.o
LOAD modules/mtMotorFeedback.o
LOAD modules/mtObstacleDetect.o
LOAD startup/startup_stm32f756xx.o
LOAD c:/ac6/systemworkbench/plugins/fr.ac6.mcu.externaltools.arm-none.win32_1.17.0.201812190825/tools/compiler/bin/../lib/gcc/arm-none-eabi/7.3.1/../../../../arm-none-eabi/lib/thumb/v7e-m/fpv4-sp/hard\libm.a
START GROUP
LOAD c:/ac6/systemworkbench/plugins/fr.ac6.mcu.externaltools.arm-none.win32_1.17.0.201812190825/tools/compiler/bin/../lib/gcc/arm-none-eabi/7.3.1/thumb/v7e-m/fpv4-sp/hard\libgcc.a
LOAD c:/ac6/systemworkbench/plugins/fr.ac6.mcu.externaltools.arm-none.win32_1.17.0.201812190825/tools/compiler/bin/../lib/gcc/arm-none-eabi/7.3.1/../../../../arm-none-eabi/lib/thumb/v7e-m/fpv4-sp/hard\libc_nano.a
END GROUP
START GROUP
LOAD c:/ac6/systemworkbench/plugins/fr.ac6.mcu.externaltools.arm-none.win32_1.17.0.201812190825/tools/compiler/bin/../lib/gcc/arm-none-eabi/7.3.1/thumb/v7e-m/fpv4-sp/hard\libgcc.a
LOAD c:/ac6/systemworkbench/plugins/fr.ac6.mcu.externaltools.arm-none.win32_1.17.0.201812190825/tools/compiler/bin/../lib/gcc/arm-none-eabi/7.3.1/../../../../arm-none-eabi/lib/thumb/v7e-m/fpv4-sp/hard\libc_nano.a
LOAD c:/ac6/systemworkbench/plugins/fr.ac6.mcu.externaltools.arm-none.win32_1.17.0.201812190825/tools/compiler/bin/../lib/gcc/arm-none-eabi/7.3.1/../../../../arm-none-eabi/lib/thumb/v7e-m/fpv4-sp/hard\libnosys.a
END GROUP
START GROUP
LOAD c:/ac6/systemworkbench/plugins/fr.ac6.mcu.externaltools.arm-none.win32_1.17.0.201812190825/tools/compiler/bin/../lib/gcc/arm-none-eabi/7.3.1/thumb/v7e-m/fpv4-sp/hard\libgcc.a
LOAD c:/ac6/systemworkbench/plugins/fr.ac6.mcu.externaltools.arm-none.win32_1.17.0.201812190825/tools/compiler/bin/../lib/gcc/arm-none-eabi/7.3.1/../../../../arm-none-eabi/lib/thumb/v7e-m/fpv4-sp/hard\libc_nano.a
LOAD c:/ac6/systemworkbench/plugins/fr.ac6.mcu.externaltools.arm-none.win32_1.17.0.201812190825/tools/compiler/bin/../lib/gcc/arm-none-eabi/7.3.1/../../../../arm-none-eabi/lib/thumb/v7e-m/fpv4-sp/hard\libnosys.a
END GROUP
LOAD c:/ac6/systemworkbench/plugins/fr.ac6.mcu.externaltools.arm-none.win32_1.17.0.201812190825/tools/compiler/bin/../lib/gcc/arm-none-eabi/7.3.1/thumb/v7e-m/fpv4-sp/hard/crtend.o
LOAD c:/ac6/systemworkbench/plugins/fr.ac6.mcu.externaltools.arm-none.win32_1.17.0.201812190825/tools/compiler/bin/../lib/gcc/arm-none-eabi/7.3.1/thumb/v7e-m/fpv4-sp/hard/crtn.o
                0x20050000                _estack = 0x20050000
                0x00002000                _Min_Heap_Size = 0x2000
                0x00002000                _Min_Stack_Size = 0x2000

.isr_vector     0x08008000      0x1c8
                0x08008000                . = ALIGN (0x4)
 *(.isr_vector)
 .isr_vector    0x08008000      0x1c8 startup/startup_stm32f756xx.o
                0x08008000                g_pfnVectors
                0x080081c8                . = ALIGN (0x4)

.text           0x080081d0    0x1401c
                0x080081d0                . = ALIGN (0x4)
 *(.text)
 .text          0x080081d0       0x40 c:/ac6/systemworkbench/plugins/fr.ac6.mcu.externaltools.arm-none.win32_1.17.0.201812190825/tools/compiler/bin/../lib/gcc/arm-none-eabi/7.3.1/thumb/v7e-m/fpv4-sp/hard/crtbegin.o
 .text          0x08008210      0x378 c:/ac6/systemworkbench/plugins/fr.ac6.mcu.externaltools.arm-none.win32_1.17.0.201812190825/tools/compiler/bin/../lib/gcc/arm-none-eabi/7.3.1/thumb/v7e-m/fpv4-sp/hard\libgcc.a(_arm_addsubdf3.o)
                0x08008210                __aeabi_drsub
                0x08008218                __aeabi_dsub
                0x08008218                __subdf3
                0x0800821c                __aeabi_dadd
                0x0800821c                __adddf3
                0x08008494                __floatunsidf
                0x08008494                __aeabi_ui2d
                0x080084b4                __floatsidf
                0x080084b4                __aeabi_i2d
                0x080084d8                __aeabi_f2d
                0x080084d8                __extendsfdf2
                0x0800851c                __floatundidf
                0x0800851c                __aeabi_ul2d
                0x0800852c                __floatdidf
                0x0800852c                __aeabi_l2d
 .text          0x08008588      0x424 c:/ac6/systemworkbench/plugins/fr.ac6.mcu.externaltools.arm-none.win32_1.17.0.201812190825/tools/compiler/bin/../lib/gcc/arm-none-eabi/7.3.1/thumb/v7e-m/fpv4-sp/hard\libgcc.a(_arm_muldivdf3.o)
                0x08008588                __aeabi_dmul
                0x08008588                __muldf3
                0x080087dc                __divdf3
                0x080087dc                __aeabi_ddiv
 .text          0x080089ac       0x50 c:/ac6/systemworkbench/plugins/fr.ac6.mcu.externaltools.arm-none.win32_1.17.0.201812190825/tools/compiler/bin/../lib/gcc/arm-none-eabi/7.3.1/thumb/v7e-m/fpv4-sp/hard\libgcc.a(_arm_fixdfsi.o)
                0x080089ac                __aeabi_d2iz
                0x080089ac                __fixdfsi
 .text          0x080089fc       0x30 c:/ac6/systemworkbench/plugins/fr.ac6.mcu.externaltools.arm-none.win32_1.17.0.201812190825/tools/compiler/bin/../lib/gcc/arm-none-eabi/7.3.1/thumb/v7e-m/fpv4-sp/hard\libgcc.a(_aeabi_uldivmod.o)
                0x080089fc                __aeabi_uldivmod
 .text          0x08008a2c      0x2cc c:/ac6/systemworkbench/plugins/fr.ac6.mcu.externaltools.arm-none.win32_1.17.0.201812190825/tools/compiler/bin/../lib/gcc/arm-none-eabi/7.3.1/thumb/v7e-m/fpv4-sp/hard\libgcc.a(_udivmoddi4.o)
                0x08008a2c                __udivmoddi4
 .text          0x08008cf8        0x4 c:/ac6/systemworkbench/plugins/fr.ac6.mcu.externaltools.arm-none.win32_1.17.0.201812190825/tools/compiler/bin/../lib/gcc/arm-none-eabi/7.3.1/thumb/v7e-m/fpv4-sp/hard\libgcc.a(_dvmd_tls.o)
                0x08008cf8                __aeabi_idiv0
                0x08008cf8                __aeabi_ldiv0
 .text          0x08008cfc       0x10 c:/ac6/systemworkbench/plugins/fr.ac6.mcu.externaltools.arm-none.win32_1.17.0.201812190825/tools/compiler/bin/../lib/gcc/arm-none-eabi/7.3.1/../../../../arm-none-eabi/lib/thumb/v7e-m/fpv4-sp/hard\libc_nano.a(lib_a-strlen.o)
                0x08008cfc                strlen
 *fill*         0x08008d0c        0x4 
 .text          0x08008d10       0xa0 c:/ac6/systemworkbench/plugins/fr.ac6.mcu.externaltools.arm-none.win32_1.17.0.201812190825/tools/compiler/bin/../lib/gcc/arm-none-eabi/7.3.1/../../../../arm-none-eabi/lib/thumb/v7e-m/fpv4-sp/hard\libc_nano.a(lib_a-memchr.o)
                0x08008d10                memchr
 .text          0x08008db0      0x110 c:/ac6/systemworkbench/plugins/fr.ac6.mcu.externaltools.arm-none.win32_1.17.0.201812190825/tools/compiler/bin/../lib/gcc/arm-none-eabi/7.3.1/thumb/v7e-m/fpv4-sp/hard\libgcc.a(_arm_cmpdf2.o)
                0x08008db0                __gtdf2
                0x08008db0                __gedf2
                0x08008db8                __ltdf2
                0x08008db8                __ledf2
                0x08008dc0                __nedf2
                0x08008dc0                __eqdf2
                0x08008dc0                __cmpdf2
                0x08008e3c                __aeabi_cdrcmple
                0x08008e4c                __aeabi_cdcmpeq
                0x08008e4c                __aeabi_cdcmple
                0x08008e5c                __aeabi_dcmpeq
                0x08008e70                __aeabi_dcmplt
                0x08008e84                __aeabi_dcmple
                0x08008e98                __aeabi_dcmpge
                0x08008eac                __aeabi_dcmpgt
 .text          0x08008ec0       0x2c c:/ac6/systemworkbench/plugins/fr.ac6.mcu.externaltools.arm-none.win32_1.17.0.201812190825/tools/compiler/bin/../lib/gcc/arm-none-eabi/7.3.1/thumb/v7e-m/fpv4-sp/hard\libgcc.a(_arm_unorddf2.o)
                0x08008ec0                __unorddf2
                0x08008ec0                __aeabi_dcmpun
 *(.text*)
 .text.HAL_Init
                0x08008eec       0x16 Drivers/STM32F7xx_HAL_Driver/Src/stm32f7xx_hal.o
                0x08008eec                HAL_Init
 *fill*         0x08008f02        0x2 
 .text.HAL_IncTick
                0x08008f04       0x18 Drivers/STM32F7xx_HAL_Driver/Src/stm32f7xx_hal.o
                0x08008f04                HAL_IncTick
 .text.HAL_GetTick
                0x08008f1c        0xc Drivers/STM32F7xx_HAL_Driver/Src/stm32f7xx_hal.o
                0x08008f1c                HAL_GetTick
 .text.HAL_Delay
                0x08008f28       0x28 Drivers/STM32F7xx_HAL_Driver/Src/stm32f7xx_hal.o
                0x08008f28                HAL_Delay
 .text.ADC_Init
                0x08008f50      0x130 Drivers/STM32F7xx_HAL_Driver/Src/stm32f7xx_hal_adc.o
 .text.HAL_ADC_Init
                0x08009080       0x54 Drivers/STM32F7xx_HAL_Driver/Src/stm32f7xx_hal_adc.o
                0x08009080                HAL_ADC_Init
 .text.HAL_ADC_Start
                0x080090d4       0xf8 Drivers/STM32F7xx_HAL_Driver/Src/stm32f7xx_hal_adc.o
                0x080090d4                HAL_ADC_Start
 .text.HAL_ADC_Stop
                0x080091cc       0x40 Drivers/STM32F7xx_HAL_Driver/Src/stm32f7xx_hal_adc.o
                0x080091cc                HAL_ADC_Stop
 .text.HAL_ADC_PollForConversion
                0x0800920c       0xb6 Drivers/STM32F7xx_HAL_Driver/Src/stm32f7xx_hal_adc.o
                0x0800920c                HAL_ADC_PollForConversion
 .text.HAL_ADC_GetValue
                0x080092c2        0x6 Drivers/STM32F7xx_HAL_Driver/Src/stm32f7xx_hal_adc.o
                0x080092c2                HAL_ADC_GetValue
 .text.HAL_ADC_ConfigChannel
                0x080092c8      0x1ac Drivers/STM32F7xx_HAL_Driver/Src/stm32f7xx_hal_adc.o
                0x080092c8                HAL_ADC_ConfigChannel
 .text.HAL_NVIC_SetPriorityGrouping
                0x08009474       0x24 Drivers/STM32F7xx_HAL_Driver/Src/stm32f7xx_hal_cortex.o
                0x08009474                HAL_NVIC_SetPriorityGrouping
 .text.HAL_NVIC_SetPriority
                0x08009498       0x64 Drivers/STM32F7xx_HAL_Driver/Src/stm32f7xx_hal_cortex.o
                0x08009498                HAL_NVIC_SetPriority
 .text.HAL_NVIC_EnableIRQ
                0x080094fc       0x18 Drivers/STM32F7xx_HAL_Driver/Src/stm32f7xx_hal_cortex.o
                0x080094fc                HAL_NVIC_EnableIRQ
 .text.HAL_SYSTICK_Config
                0x08009514       0x2c Drivers/STM32F7xx_HAL_Driver/Src/stm32f7xx_hal_cortex.o
                0x08009514                HAL_SYSTICK_Config
 .text.HAL_SYSTICK_CLKSourceConfig
                0x08009540       0x20 Drivers/STM32F7xx_HAL_Driver/Src/stm32f7xx_hal_cortex.o
                0x08009540                HAL_SYSTICK_CLKSourceConfig
 .text.HAL_DMA_Abort_IT
                0x08009560       0x26 Drivers/STM32F7xx_HAL_Driver/Src/stm32f7xx_hal_dma.o
                0x08009560                HAL_DMA_Abort_IT
 *fill*         0x08009586        0x2 
 .text.HAL_GPIO_Init
                0x08009588      0x1e0 Drivers/STM32F7xx_HAL_Driver/Src/stm32f7xx_hal_gpio.o
                0x08009588                HAL_GPIO_Init
 .text.HAL_GPIO_ReadPin
                0x08009768        0xe Drivers/STM32F7xx_HAL_Driver/Src/stm32f7xx_hal_gpio.o
                0x08009768                HAL_GPIO_ReadPin
 .text.HAL_GPIO_WritePin
                0x08009776        0xc Drivers/STM32F7xx_HAL_Driver/Src/stm32f7xx_hal_gpio.o
                0x08009776                HAL_GPIO_WritePin
 .text.HAL_GPIO_TogglePin
                0x08009782        0x8 Drivers/STM32F7xx_HAL_Driver/Src/stm32f7xx_hal_gpio.o
                0x08009782                HAL_GPIO_TogglePin
 .text.I2C_Flush_TXDR
                0x0800978a       0x22 Drivers/STM32F7xx_HAL_Driver/Src/stm32f7xx_hal_i2c.o
 .text.I2C_TransferConfig
                0x080097ac       0x36 Drivers/STM32F7xx_HAL_Driver/Src/stm32f7xx_hal_i2c.o
 .text.I2C_IsAcknowledgeFailed
                0x080097e2       0x82 Drivers/STM32F7xx_HAL_Driver/Src/stm32f7xx_hal_i2c.o
 .text.I2C_WaitOnTXISFlagUntilTimeout
                0x08009864       0x54 Drivers/STM32F7xx_HAL_Driver/Src/stm32f7xx_hal_i2c.o
 .text.I2C_WaitOnFlagUntilTimeout
                0x080098b8       0x48 Drivers/STM32F7xx_HAL_Driver/Src/stm32f7xx_hal_i2c.o
 .text.I2C_RequestMemoryWrite
                0x08009900       0x88 Drivers/STM32F7xx_HAL_Driver/Src/stm32f7xx_hal_i2c.o
 .text.I2C_RequestMemoryRead
                0x08009988       0x84 Drivers/STM32F7xx_HAL_Driver/Src/stm32f7xx_hal_i2c.o
 .text.I2C_WaitOnSTOPFlagUntilTimeout
                0x08009a0c       0x4e Drivers/STM32F7xx_HAL_Driver/Src/stm32f7xx_hal_i2c.o
 *fill*         0x08009a5a        0x2 
 .text.HAL_I2C_Init
                0x08009a5c       0xbc Drivers/STM32F7xx_HAL_Driver/Src/stm32f7xx_hal_i2c.o
                0x08009a5c                HAL_I2C_Init
 .text.HAL_I2C_Mem_Write
                0x08009b18      0x1d4 Drivers/STM32F7xx_HAL_Driver/Src/stm32f7xx_hal_i2c.o
                0x08009b18                HAL_I2C_Mem_Write
 .text.HAL_I2C_Mem_Read
                0x08009cec      0x1d4 Drivers/STM32F7xx_HAL_Driver/Src/stm32f7xx_hal_i2c.o
                0x08009cec                HAL_I2C_Mem_Read
 .text.HAL_I2C_GetState
                0x08009ec0        0x6 Drivers/STM32F7xx_HAL_Driver/Src/stm32f7xx_hal_i2c.o
                0x08009ec0                HAL_I2C_GetState
 .text.HAL_I2C_GetError
                0x08009ec6        0x4 Drivers/STM32F7xx_HAL_Driver/Src/stm32f7xx_hal_i2c.o
                0x08009ec6                HAL_I2C_GetError
 .text.HAL_I2CEx_ConfigAnalogFilter
                0x08009eca       0x5c Drivers/STM32F7xx_HAL_Driver/Src/stm32f7xx_hal_i2c_ex.o
                0x08009eca                HAL_I2CEx_ConfigAnalogFilter
 .text.HAL_I2CEx_ConfigDigitalFilter
                0x08009f26       0x58 Drivers/STM32F7xx_HAL_Driver/Src/stm32f7xx_hal_i2c_ex.o
                0x08009f26                HAL_I2CEx_ConfigDigitalFilter
 *fill*         0x08009f7e        0x2 
 .text.HAL_NOR_Init
                0x08009f80       0x70 Drivers/STM32F7xx_HAL_Driver/Src/stm32f7xx_hal_nor.o
                0x08009f80                HAL_NOR_Init
 .text.HAL_PWREx_EnableOverDrive
                0x08009ff0       0x7c Drivers/STM32F7xx_HAL_Driver/Src/stm32f7xx_hal_pwr_ex.o
                0x08009ff0                HAL_PWREx_EnableOverDrive
 .text.HAL_RCC_OscConfig
                0x0800a06c      0x3d4 Drivers/STM32F7xx_HAL_Driver/Src/stm32f7xx_hal_rcc.o
                0x0800a06c                HAL_RCC_OscConfig
 .text.HAL_RCC_GetSysClockFreq
                0x0800a440       0xa8 Drivers/STM32F7xx_HAL_Driver/Src/stm32f7xx_hal_rcc.o
                0x0800a440                HAL_RCC_GetSysClockFreq
 .text.HAL_RCC_ClockConfig
                0x0800a4e8      0x164 Drivers/STM32F7xx_HAL_Driver/Src/stm32f7xx_hal_rcc.o
                0x0800a4e8                HAL_RCC_ClockConfig
 .text.HAL_RCC_GetHCLKFreq
                0x0800a64c        0xc Drivers/STM32F7xx_HAL_Driver/Src/stm32f7xx_hal_rcc.o
                0x0800a64c                HAL_RCC_GetHCLKFreq
 .text.HAL_RCC_GetPCLK1Freq
                0x0800a658       0x20 Drivers/STM32F7xx_HAL_Driver/Src/stm32f7xx_hal_rcc.o
                0x0800a658                HAL_RCC_GetPCLK1Freq
 .text.HAL_RCC_GetPCLK2Freq
                0x0800a678       0x20 Drivers/STM32F7xx_HAL_Driver/Src/stm32f7xx_hal_rcc.o
                0x0800a678                HAL_RCC_GetPCLK2Freq
 .text.HAL_RCC_GetClockConfig
                0x0800a698       0x3c Drivers/STM32F7xx_HAL_Driver/Src/stm32f7xx_hal_rcc.o
                0x0800a698                HAL_RCC_GetClockConfig
 .text.HAL_RCCEx_PeriphCLKConfig
                0x0800a6d4      0x5ac Drivers/STM32F7xx_HAL_Driver/Src/stm32f7xx_hal_rcc_ex.o
                0x0800a6d4                HAL_RCCEx_PeriphCLKConfig
 .text.SPI_WaitFlagStateUntilTimeout
                0x0800ac80       0x8a Drivers/STM32F7xx_HAL_Driver/Src/stm32f7xx_hal_spi.o
 .text.SPI_WaitFifoStateUntilTimeout
                0x0800ad0a       0xa8 Drivers/STM32F7xx_HAL_Driver/Src/stm32f7xx_hal_spi.o
 .text.SPI_EndRxTxTransaction
                0x0800adb2       0x66 Drivers/STM32F7xx_HAL_Driver/Src/stm32f7xx_hal_spi.o
 .text.SPI_EndRxTransaction
                0x0800ae18       0x88 Drivers/STM32F7xx_HAL_Driver/Src/stm32f7xx_hal_spi.o
 .text.HAL_SPI_Init
                0x0800aea0       0xba Drivers/STM32F7xx_HAL_Driver/Src/stm32f7xx_hal_spi.o
                0x0800aea0                HAL_SPI_Init
 .text.HAL_SPI_Transmit
                0x0800af5a      0x16e Drivers/STM32F7xx_HAL_Driver/Src/stm32f7xx_hal_spi.o
                0x0800af5a                HAL_SPI_Transmit
 .text.HAL_SPI_TransmitReceive
                0x0800b0c8      0x29c Drivers/STM32F7xx_HAL_Driver/Src/stm32f7xx_hal_spi.o
                0x0800b0c8                HAL_SPI_TransmitReceive
 .text.HAL_SPI_Receive
                0x0800b364      0x184 Drivers/STM32F7xx_HAL_Driver/Src/stm32f7xx_hal_spi.o
                0x0800b364                HAL_SPI_Receive
 .text.HAL_TIM_Base_Start_IT
                0x0800b4e8       0x18 Drivers/STM32F7xx_HAL_Driver/Src/stm32f7xx_hal_tim.o
                0x0800b4e8                HAL_TIM_Base_Start_IT
 .text.HAL_TIM_OC_DelayElapsedCallback
                0x0800b500        0x2 Drivers/STM32F7xx_HAL_Driver/Src/stm32f7xx_hal_tim.o
                0x0800b500                HAL_TIM_OC_DelayElapsedCallback
 .text.HAL_TIM_IC_CaptureCallback
                0x0800b502        0x2 Drivers/STM32F7xx_HAL_Driver/Src/stm32f7xx_hal_tim.o
                0x0800b502                HAL_TIM_IC_CaptureCallback
 .text.HAL_TIM_PWM_PulseFinishedCallback
                0x0800b504        0x2 Drivers/STM32F7xx_HAL_Driver/Src/stm32f7xx_hal_tim.o
                0x0800b504                HAL_TIM_PWM_PulseFinishedCallback
 .text.HAL_TIM_TriggerCallback
                0x0800b506        0x2 Drivers/STM32F7xx_HAL_Driver/Src/stm32f7xx_hal_tim.o
                0x0800b506                HAL_TIM_TriggerCallback
 .text.HAL_TIM_IRQHandler
                0x0800b508      0x19a Drivers/STM32F7xx_HAL_Driver/Src/stm32f7xx_hal_tim.o
                0x0800b508                HAL_TIM_IRQHandler
 *fill*         0x0800b6a2        0x2 
 .text.TIM_Base_SetConfig
                0x0800b6a4      0x10c Drivers/STM32F7xx_HAL_Driver/Src/stm32f7xx_hal_tim.o
                0x0800b6a4                TIM_Base_SetConfig
 .text.HAL_TIM_Base_Init
                0x0800b7b0       0x32 Drivers/STM32F7xx_HAL_Driver/Src/stm32f7xx_hal_tim.o
                0x0800b7b0                HAL_TIM_Base_Init
 .text.HAL_TIM_PWM_Init
                0x0800b7e2       0x32 Drivers/STM32F7xx_HAL_Driver/Src/stm32f7xx_hal_tim.o
                0x0800b7e2                HAL_TIM_PWM_Init
 .text.HAL_TIM_Encoder_Init
                0x0800b814       0x9c Drivers/STM32F7xx_HAL_Driver/Src/stm32f7xx_hal_tim.o
                0x0800b814                HAL_TIM_Encoder_Init
 .text.TIM_OC1_SetConfig
                0x0800b8b0       0x60 Drivers/STM32F7xx_HAL_Driver/Src/stm32f7xx_hal_tim.o
                0x0800b8b0                TIM_OC1_SetConfig
 .text.TIM_OC2_SetConfig
                0x0800b910       0x68 Drivers/STM32F7xx_HAL_Driver/Src/stm32f7xx_hal_tim.o
                0x0800b910                TIM_OC2_SetConfig
 .text.TIM_OC3_SetConfig
                0x0800b978       0x68 Drivers/STM32F7xx_HAL_Driver/Src/stm32f7xx_hal_tim.o
                0x0800b978                TIM_OC3_SetConfig
 .text.TIM_OC4_SetConfig
                0x0800b9e0       0x54 Drivers/STM32F7xx_HAL_Driver/Src/stm32f7xx_hal_tim.o
                0x0800b9e0                TIM_OC4_SetConfig
 .text.TIM_CCxChannelCmd
                0x0800ba34       0x1e Drivers/STM32F7xx_HAL_Driver/Src/stm32f7xx_hal_tim.o
                0x0800ba34                TIM_CCxChannelCmd
 *fill*         0x0800ba52        0x2 
 .text.HAL_TIM_PWM_Start
                0x0800ba54       0x38 Drivers/STM32F7xx_HAL_Driver/Src/stm32f7xx_hal_tim.o
                0x0800ba54                HAL_TIM_PWM_Start
 .text.HAL_TIM_Encoder_Start
                0x0800ba8c       0x44 Drivers/STM32F7xx_HAL_Driver/Src/stm32f7xx_hal_tim.o
                0x0800ba8c                HAL_TIM_Encoder_Start
 .text.TIM_OC5_SetConfig
                0x0800bad0       0x54 Drivers/STM32F7xx_HAL_Driver/Src/stm32f7xx_hal_tim_ex.o
 .text.TIM_OC6_SetConfig
                0x0800bb24       0x54 Drivers/STM32F7xx_HAL_Driver/Src/stm32f7xx_hal_tim_ex.o
 .text.HAL_TIMEx_MasterConfigSynchronization
                0x0800bb78       0x58 Drivers/STM32F7xx_HAL_Driver/Src/stm32f7xx_hal_tim_ex.o
                0x0800bb78                HAL_TIMEx_MasterConfigSynchronization
 .text.HAL_TIMEx_CommutationCallback
                0x0800bbd0        0x2 Drivers/STM32F7xx_HAL_Driver/Src/stm32f7xx_hal_tim_ex.o
                0x0800bbd0                HAL_TIMEx_CommutationCallback
 .text.HAL_TIMEx_BreakCallback
                0x0800bbd2        0x2 Drivers/STM32F7xx_HAL_Driver/Src/stm32f7xx_hal_tim_ex.o
                0x0800bbd2                HAL_TIMEx_BreakCallback
 .text.HAL_TIM_PWM_ConfigChannel
                0x0800bbd4      0x134 Drivers/STM32F7xx_HAL_Driver/Src/stm32f7xx_hal_tim_ex.o
                0x0800bbd4                HAL_TIM_PWM_ConfigChannel
 .text.UART_Transmit_IT
                0x0800bd08       0x6c Drivers/STM32F7xx_HAL_Driver/Src/stm32f7xx_hal_uart.o
 .text.UART_EndRxTransfer
                0x0800bd74       0x1c Drivers/STM32F7xx_HAL_Driver/Src/stm32f7xx_hal_uart.o
 .text.HAL_UART_Receive_IT
                0x0800bd90       0xb2 Drivers/STM32F7xx_HAL_Driver/Src/stm32f7xx_hal_uart.o
                0x0800bd90                HAL_UART_Receive_IT
 .text.UART_WaitOnFlagUntilTimeout
                0x0800be42       0x62 Drivers/STM32F7xx_HAL_Driver/Src/stm32f7xx_hal_uart.o
                0x0800be42                UART_WaitOnFlagUntilTimeout
 .text.HAL_UART_Transmit
                0x0800bea4       0xd2 Drivers/STM32F7xx_HAL_Driver/Src/stm32f7xx_hal_uart.o
                0x0800bea4                HAL_UART_Transmit
 .text.HAL_UART_Receive
                0x0800bf76      0x112 Drivers/STM32F7xx_HAL_Driver/Src/stm32f7xx_hal_uart.o
                0x0800bf76                HAL_UART_Receive
 .text.HAL_UART_TxCpltCallback
                0x0800c088        0x2 Drivers/STM32F7xx_HAL_Driver/Src/stm32f7xx_hal_uart.o
                0x0800c088                HAL_UART_TxCpltCallback
 .text.UART_EndTransmit_IT
                0x0800c08a       0x1a Drivers/STM32F7xx_HAL_Driver/Src/stm32f7xx_hal_uart.o
 .text.UART_Receive_IT
                0x0800c0a4       0x82 Drivers/STM32F7xx_HAL_Driver/Src/stm32f7xx_hal_uart.o
 *fill*         0x0800c126        0x2 
 .text.HAL_UART_IRQHandler
                0x0800c128      0x138 Drivers/STM32F7xx_HAL_Driver/Src/stm32f7xx_hal_uart.o
                0x0800c128                HAL_UART_IRQHandler
 .text.UART_DMAAbortOnError
                0x0800c260       0x14 Drivers/STM32F7xx_HAL_Driver/Src/stm32f7xx_hal_uart.o
 .text.UART_SetConfig
                0x0800c274      0x35c Drivers/STM32F7xx_HAL_Driver/Src/stm32f7xx_hal_uart.o
                0x0800c274                UART_SetConfig
 .text.UART_AdvFeatureConfig
                0x0800c5d0       0xca Drivers/STM32F7xx_HAL_Driver/Src/stm32f7xx_hal_uart.o
                0x0800c5d0                UART_AdvFeatureConfig
 .text.UART_CheckIdleState
                0x0800c69a       0x48 Drivers/STM32F7xx_HAL_Driver/Src/stm32f7xx_hal_uart.o
                0x0800c69a                UART_CheckIdleState
 .text.HAL_UART_Init
                0x0800c6e2       0x66 Drivers/STM32F7xx_HAL_Driver/Src/stm32f7xx_hal_uart.o
                0x0800c6e2                HAL_UART_Init
 .text.HAL_RS485Ex_Init
                0x0800c748       0x88 Drivers/STM32F7xx_HAL_Driver/Src/stm32f7xx_hal_uart.o
                0x0800c748                HAL_RS485Ex_Init
 .text.FMC_NORSRAM_Init
                0x0800c7d0       0x80 Drivers/STM32F7xx_HAL_Driver/Src/stm32f7xx_ll_fmc.o
                0x0800c7d0                FMC_NORSRAM_Init
 .text.FMC_NORSRAM_Timing_Init
                0x0800c850       0x58 Drivers/STM32F7xx_HAL_Driver/Src/stm32f7xx_ll_fmc.o
                0x0800c850                FMC_NORSRAM_Timing_Init
 .text.FMC_NORSRAM_Extended_Timing_Init
                0x0800c8a8       0x44 Drivers/STM32F7xx_HAL_Driver/Src/stm32f7xx_ll_fmc.o
                0x0800c8a8                FMC_NORSRAM_Extended_Timing_Init
 .text.makeFreeRtosPriority
                0x0800c8ec        0xc Middlewares/Third_Party/FreeRTOS/Source/CMSIS_RTOS/cmsis_os.o
 .text.inHandlerMode
                0x0800c8f8        0xc Middlewares/Third_Party/FreeRTOS/Source/CMSIS_RTOS/cmsis_os.o
 .text.osKernelStart
                0x0800c904        0xa Middlewares/Third_Party/FreeRTOS/Source/CMSIS_RTOS/cmsis_os.o
                0x0800c904                osKernelStart
 .text.osKernelSysTick
                0x0800c90e       0x14 Middlewares/Third_Party/FreeRTOS/Source/CMSIS_RTOS/cmsis_os.o
                0x0800c90e                osKernelSysTick
 .text.osThreadCreate
                0x0800c922       0x34 Middlewares/Third_Party/FreeRTOS/Source/CMSIS_RTOS/cmsis_os.o
                0x0800c922                osThreadCreate
 .text.osDelay  0x0800c956       0x12 Middlewares/Third_Party/FreeRTOS/Source/CMSIS_RTOS/cmsis_os.o
                0x0800c956                osDelay
 .text.osMessageCreate
                0x0800c968        0xe Middlewares/Third_Party/FreeRTOS/Source/CMSIS_RTOS/cmsis_os.o
                0x0800c968                osMessageCreate
 *fill*         0x0800c976        0x2 
 .text.osMessagePut
                0x0800c978       0x68 Middlewares/Third_Party/FreeRTOS/Source/CMSIS_RTOS/cmsis_os.o
                0x0800c978                osMessagePut
 .text.osMessageGet
                0x0800c9e0       0xa0 Middlewares/Third_Party/FreeRTOS/Source/CMSIS_RTOS/cmsis_os.o
                0x0800c9e0                osMessageGet
 .text.osSystickHandler
                0x0800ca80       0x10 Middlewares/Third_Party/FreeRTOS/Source/CMSIS_RTOS/cmsis_os.o
                0x0800ca80                osSystickHandler
 .text.osDelayUntil
                0x0800ca90       0x12 Middlewares/Third_Party/FreeRTOS/Source/CMSIS_RTOS/cmsis_os.o
                0x0800ca90                osDelayUntil
 .text.vListInitialise
                0x0800caa2       0x16 Middlewares/Third_Party/FreeRTOS/Source/list.o
                0x0800caa2                vListInitialise
 .text.vListInitialiseItem
                0x0800cab8        0x6 Middlewares/Third_Party/FreeRTOS/Source/list.o
                0x0800cab8                vListInitialiseItem
 .text.vListInsertEnd
                0x0800cabe       0x18 Middlewares/Third_Party/FreeRTOS/Source/list.o
                0x0800cabe                vListInsertEnd
 .text.vListInsert
                0x0800cad6       0x34 Middlewares/Third_Party/FreeRTOS/Source/list.o
                0x0800cad6                vListInsert
 .text.uxListRemove
                0x0800cb0a       0x26 Middlewares/Third_Party/FreeRTOS/Source/list.o
                0x0800cb0a                uxListRemove
 .text.prvIsQueueFull
                0x0800cb30       0x1e Middlewares/Third_Party/FreeRTOS/Source/queue.o
 .text.prvIsQueueEmpty
                0x0800cb4e       0x1a Middlewares/Third_Party/FreeRTOS/Source/queue.o
 .text.prvCopyDataToQueue
                0x0800cb68       0x76 Middlewares/Third_Party/FreeRTOS/Source/queue.o
 .text.prvCopyDataFromQueue
                0x0800cbde       0x24 Middlewares/Third_Party/FreeRTOS/Source/queue.o
 .text.prvUnlockQueue
                0x0800cc02       0x6e Middlewares/Third_Party/FreeRTOS/Source/queue.o
 .text.xQueueGenericReset
                0x0800cc70       0x88 Middlewares/Third_Party/FreeRTOS/Source/queue.o
                0x0800cc70                xQueueGenericReset
 .text.prvInitialiseNewQueue
                0x0800ccf8       0x1c Middlewares/Third_Party/FreeRTOS/Source/queue.o
 .text.xQueueGenericCreate
                0x0800cd14       0x4c Middlewares/Third_Party/FreeRTOS/Source/queue.o
                0x0800cd14                xQueueGenericCreate
 .text.xQueueGenericSend
                0x0800cd60      0x18c Middlewares/Third_Party/FreeRTOS/Source/queue.o
                0x0800cd60                xQueueGenericSend
 .text.xQueueGenericSendFromISR
                0x0800ceec       0xdc Middlewares/Third_Party/FreeRTOS/Source/queue.o
                0x0800ceec                xQueueGenericSendFromISR
 .text.xQueueGiveFromISR
                0x0800cfc8       0xc2 Middlewares/Third_Party/FreeRTOS/Source/queue.o
                0x0800cfc8                xQueueGiveFromISR
 *fill*         0x0800d08a        0x2 
 .text.xQueueGenericReceive
                0x0800d08c      0x1b0 Middlewares/Third_Party/FreeRTOS/Source/queue.o
                0x0800d08c                xQueueGenericReceive
 .text.xQueueReceiveFromISR
                0x0800d23c       0xb6 Middlewares/Third_Party/FreeRTOS/Source/queue.o
                0x0800d23c                xQueueReceiveFromISR
 *fill*         0x0800d2f2        0x2 
 .text.prvResetNextTaskUnblockTime
                0x0800d2f4       0x24 Middlewares/Third_Party/FreeRTOS/Source/tasks.o
 .text.prvDeleteTCB
                0x0800d318       0x12 Middlewares/Third_Party/FreeRTOS/Source/tasks.o
 .text.prvInitialiseNewTask
                0x0800d32a       0x80 Middlewares/Third_Party/FreeRTOS/Source/tasks.o
 *fill*         0x0800d3aa        0x2 
 .text.prvInitialiseTaskLists
                0x0800d3ac       0x58 Middlewares/Third_Party/FreeRTOS/Source/tasks.o
 .text.prvAddNewTaskToReadyList
                0x0800d404       0xac Middlewares/Third_Party/FreeRTOS/Source/tasks.o
 .text.prvAddCurrentTaskToDelayedList
                0x0800d4b0       0x90 Middlewares/Third_Party/FreeRTOS/Source/tasks.o
 .text.xTaskCreate
                0x0800d540       0x62 Middlewares/Third_Party/FreeRTOS/Source/tasks.o
                0x0800d540                xTaskCreate
 *fill*         0x0800d5a2        0x2 
 .text.vTaskStartScheduler
                0x0800d5a4       0x7c Middlewares/Third_Party/FreeRTOS/Source/tasks.o
                0x0800d5a4                vTaskStartScheduler
 .text.vTaskSuspendAll
                0x0800d620       0x14 Middlewares/Third_Party/FreeRTOS/Source/tasks.o
                0x0800d620                vTaskSuspendAll
 .text.xTaskGetTickCount
                0x0800d634        0xc Middlewares/Third_Party/FreeRTOS/Source/tasks.o
                0x0800d634                xTaskGetTickCount
 .text.xTaskGetTickCountFromISR
                0x0800d640       0x14 Middlewares/Third_Party/FreeRTOS/Source/tasks.o
                0x0800d640                xTaskGetTickCountFromISR
 .text.xTaskIncrementTick
                0x0800d654      0x110 Middlewares/Third_Party/FreeRTOS/Source/tasks.o
                0x0800d654                xTaskIncrementTick
 .text.xTaskResumeAll
                0x0800d764       0xf4 Middlewares/Third_Party/FreeRTOS/Source/tasks.o
                0x0800d764                xTaskResumeAll
 .text.vTaskDelayUntil
                0x0800d858       0xb0 Middlewares/Third_Party/FreeRTOS/Source/tasks.o
                0x0800d858                vTaskDelayUntil
 .text.vTaskDelay
                0x0800d908       0x50 Middlewares/Third_Party/FreeRTOS/Source/tasks.o
                0x0800d908                vTaskDelay
 .text.prvCheckTasksWaitingTermination
                0x0800d958       0x54 Middlewares/Third_Party/FreeRTOS/Source/tasks.o
 .text.prvIdleTask
                0x0800d9ac       0x28 Middlewares/Third_Party/FreeRTOS/Source/tasks.o
 .text.vTaskSwitchContext
                0x0800d9d4       0x94 Middlewares/Third_Party/FreeRTOS/Source/tasks.o
                0x0800d9d4                vTaskSwitchContext
 .text.vTaskPlaceOnEventList
                0x0800da68       0x38 Middlewares/Third_Party/FreeRTOS/Source/tasks.o
                0x0800da68                vTaskPlaceOnEventList
 .text.xTaskRemoveFromEventList
                0x0800daa0       0x88 Middlewares/Third_Party/FreeRTOS/Source/tasks.o
                0x0800daa0                xTaskRemoveFromEventList
 .text.vTaskSetTimeOutState
                0x0800db28       0x2c Middlewares/Third_Party/FreeRTOS/Source/tasks.o
                0x0800db28                vTaskSetTimeOutState
 .text.xTaskCheckForTimeOut
                0x0800db54       0x88 Middlewares/Third_Party/FreeRTOS/Source/tasks.o
                0x0800db54                xTaskCheckForTimeOut
 .text.vTaskMissedYield
                0x0800dbdc       0x10 Middlewares/Third_Party/FreeRTOS/Source/tasks.o
                0x0800dbdc                vTaskMissedYield
 .text.xTaskGetSchedulerState
                0x0800dbec       0x20 Middlewares/Third_Party/FreeRTOS/Source/tasks.o
                0x0800dbec                xTaskGetSchedulerState
 .text.vTaskPriorityInherit
                0x0800dc0c       0xac Middlewares/Third_Party/FreeRTOS/Source/tasks.o
                0x0800dc0c                vTaskPriorityInherit
 .text.xTaskPriorityDisinherit
                0x0800dcb8       0xb8 Middlewares/Third_Party/FreeRTOS/Source/tasks.o
                0x0800dcb8                xTaskPriorityDisinherit
 .text.pvTaskIncrementMutexHeldCount
                0x0800dd70       0x20 Middlewares/Third_Party/FreeRTOS/Source/tasks.o
                0x0800dd70                pvTaskIncrementMutexHeldCount
 .text.prvTaskExitError
                0x0800dd90       0x3c Middlewares/Third_Party/FreeRTOS/Source/portable/GCC/ARM_CM7/r0p1/port.o
 .text.prvPortStartFirstTask
                0x0800ddcc       0x20 Middlewares/Third_Party/FreeRTOS/Source/portable/GCC/ARM_CM7/r0p1/port.o
 .text.vPortEnableVFP
                0x0800ddec       0x14 Middlewares/Third_Party/FreeRTOS/Source/portable/GCC/ARM_CM7/r0p1/port.o
 .text.pxPortInitialiseStack
                0x0800de00       0x2c Middlewares/Third_Party/FreeRTOS/Source/portable/GCC/ARM_CM7/r0p1/port.o
                0x0800de00                pxPortInitialiseStack
 *fill*         0x0800de2c        0x4 
 .text.SVC_Handler
                0x0800de30       0x24 Middlewares/Third_Party/FreeRTOS/Source/portable/GCC/ARM_CM7/r0p1/port.o
                0x0800de30                SVC_Handler
 .text.vPortEnterCritical
                0x0800de54       0x4c Middlewares/Third_Party/FreeRTOS/Source/portable/GCC/ARM_CM7/r0p1/port.o
                0x0800de54                vPortEnterCritical
 .text.vPortExitCritical
                0x0800dea0       0x30 Middlewares/Third_Party/FreeRTOS/Source/portable/GCC/ARM_CM7/r0p1/port.o
                0x0800dea0                vPortExitCritical
 .text.PendSV_Handler
                0x0800ded0       0x64 Middlewares/Third_Party/FreeRTOS/Source/portable/GCC/ARM_CM7/r0p1/port.o
                0x0800ded0                PendSV_Handler
 .text.xPortSysTickHandler
                0x0800df34       0x30 Middlewares/Third_Party/FreeRTOS/Source/portable/GCC/ARM_CM7/r0p1/port.o
                0x0800df34                xPortSysTickHandler
 .text.vPortSetupTimerInterrupt
                0x0800df64       0x2c Middlewares/Third_Party/FreeRTOS/Source/portable/GCC/ARM_CM7/r0p1/port.o
                0x0800df64                vPortSetupTimerInterrupt
 .text.xPortStartScheduler
                0x0800df90       0xa4 Middlewares/Third_Party/FreeRTOS/Source/portable/GCC/ARM_CM7/r0p1/port.o
                0x0800df90                xPortStartScheduler
 .text.vPortValidateInterruptPriority
                0x0800e034       0x60 Middlewares/Third_Party/FreeRTOS/Source/portable/GCC/ARM_CM7/r0p1/port.o
                0x0800e034                vPortValidateInterruptPriority
 .text.prvHeapInit
                0x0800e094       0x4c Middlewares/Third_Party/FreeRTOS/Source/portable/MemMang/heap_4.o
 .text.prvInsertBlockIntoFreeList
                0x0800e0e0       0x54 Middlewares/Third_Party/FreeRTOS/Source/portable/MemMang/heap_4.o
 .text.pvPortMalloc
                0x0800e134      0x100 Middlewares/Third_Party/FreeRTOS/Source/portable/MemMang/heap_4.o
                0x0800e134                pvPortMalloc
 .text.vPortFree
                0x0800e234       0x74 Middlewares/Third_Party/FreeRTOS/Source/portable/MemMang/heap_4.o
                0x0800e234                vPortFree
 .text.BCDtoUINT32
                0x0800e2a8       0x10 Src/main.o
 .text.calculate_week
                0x0800e2b8       0x58 Src/main.o
 .text.MX_GPIO_Init
                0x0800e310      0x240 Src/main.o
 .text._write   0x0800e550       0x14 Src/main.o
                0x0800e550                _write
 .text._read    0x0800e564       0x5c Src/main.o
                0x0800e564                _read
 .text.HAL_UART_RxCpltCallback
                0x0800e5c0       0x64 Src/main.o
                0x0800e5c0                HAL_UART_RxCpltCallback
 .text.HAL_UART_ErrorCallback
                0x0800e624        0x2 Src/main.o
                0x0800e624                HAL_UART_ErrorCallback
 *fill*         0x0800e626        0x2 
 .text.Get_DCUID
                0x0800e628      0x264 Src/main.o
                0x0800e628                Get_DCUID
 .text.StartDefaultTask
                0x0800e88c      0x1ac Src/main.o
                0x0800e88c                StartDefaultTask
 .text.rtc_set_time
                0x0800ea38      0x198 Src/main.o
                0x0800ea38                rtc_set_time
 .text.rtc_get_time
                0x0800ebd0      0x120 Src/main.o
                0x0800ebd0                rtc_get_time
 .text.HAL_TIM_PeriodElapsedCallback
                0x0800ecf0       0x3c Src/main.o
                0x0800ecf0                HAL_TIM_PeriodElapsedCallback
 .text._Error_Handler
                0x0800ed2c       0x28 Src/main.o
                0x0800ed2c                _Error_Handler
 .text.MX_USART3_UART_Init
                0x0800ed54       0x40 Src/main.o
 .text.MX_ADC1_Init
                0x0800ed94       0xac Src/main.o
 .text.MX_ADC3_Init
                0x0800ee40       0x70 Src/main.o
 .text.MX_TIM3_Init
                0x0800eeb0       0x6c Src/main.o
 .text.MX_TIM6_Init
                0x0800ef1c       0x58 Src/main.o
 .text.MX_FMC_Init
                0x0800ef74       0x6c Src/main.o
 .text.MX_TIM5_Init
                0x0800efe0       0xd0 Src/main.o
 .text.MX_USART1_UART_Init
                0x0800f0b0       0x44 Src/main.o
 .text.MX_SPI2_Init
                0x0800f0f4       0x54 Src/main.o
 .text.MX_SPI5_Init
                0x0800f148       0x54 Src/main.o
 .text.MX_I2C1_Init
                0x0800f19c       0x6c Src/main.o
 .text.MX_UART5_Init
                0x0800f208       0x40 Src/main.o
 .text.SystemClock_Config
                0x0800f248       0xf8 Src/main.o
                0x0800f248                SystemClock_Config
 .text.main     0x0800f340      0x5e0 Src/main.o
                0x0800f340                main
 .text.InitQueue
                0x0800f920        0xc Src/ring_buffer.o
                0x0800f920                InitQueue
 .text.IsFull   0x0800f92c       0x28 Src/ring_buffer.o
                0x0800f92c                IsFull
 .text.IsEmpty  0x0800f954       0x12 Src/ring_buffer.o
                0x0800f954                IsEmpty
 *fill*         0x0800f966        0x2 
 .text.Dequeue  0x0800f968       0x30 Src/ring_buffer.o
                0x0800f968                Dequeue
 .text.Enqueue  0x0800f998       0x38 Src/ring_buffer.o
                0x0800f998                Enqueue
 .text.Len_queue
                0x0800f9d0       0x2c Src/ring_buffer.o
                0x0800f9d0                Len_queue
 .text.HAL_FMC_MspInit
                0x0800f9fc       0xbc Src/stm32f7xx_hal_msp.o
 .text.HAL_MspInit
                0x0800fab8       0x90 Src/stm32f7xx_hal_msp.o
                0x0800fab8                HAL_MspInit
 .text.HAL_ADC_MspInit
                0x0800fb48       0x94 Src/stm32f7xx_hal_msp.o
                0x0800fb48                HAL_ADC_MspInit
 .text.HAL_I2C_MspInit
                0x0800fbdc       0x54 Src/stm32f7xx_hal_msp.o
                0x0800fbdc                HAL_I2C_MspInit
 .text.HAL_SPI_MspInit
                0x0800fc30       0xc0 Src/stm32f7xx_hal_msp.o
                0x0800fc30                HAL_SPI_MspInit
 .text.HAL_TIM_Encoder_MspInit
                0x0800fcf0       0x4c Src/stm32f7xx_hal_msp.o
                0x0800fcf0                HAL_TIM_Encoder_MspInit
 .text.HAL_TIM_PWM_MspInit
                0x0800fd3c       0x2c Src/stm32f7xx_hal_msp.o
                0x0800fd3c                HAL_TIM_PWM_MspInit
 .text.HAL_TIM_Base_MspInit
                0x0800fd68       0x40 Src/stm32f7xx_hal_msp.o
                0x0800fd68                HAL_TIM_Base_MspInit
 .text.HAL_TIM_MspPostInit
                0x0800fda8       0x4c Src/stm32f7xx_hal_msp.o
                0x0800fda8                HAL_TIM_MspPostInit
 .text.HAL_UART_MspInit
                0x0800fdf4      0x118 Src/stm32f7xx_hal_msp.o
                0x0800fdf4                HAL_UART_MspInit
 .text.HAL_NOR_MspInit
                0x0800ff0c        0x8 Src/stm32f7xx_hal_msp.o
                0x0800ff0c                HAL_NOR_MspInit
 .text.HAL_InitTick
                0x0800ff14       0x7c Src/stm32f7xx_hal_timebase_TIM.o
                0x0800ff14                HAL_InitTick
 .text.NVIC_SystemReset
                0x0800ff90       0x24 Src/stm32f7xx_it.o
 .text.NMI_Handler
                0x0800ffb4        0x2 Src/stm32f7xx_it.o
                0x0800ffb4                NMI_Handler
 *fill*         0x0800ffb6        0x2 
 .text.HardFault_Handler
                0x0800ffb8       0x10 Src/stm32f7xx_it.o
                0x0800ffb8                HardFault_Handler
 .text.MemManage_Handler
                0x0800ffc8       0x10 Src/stm32f7xx_it.o
                0x0800ffc8                MemManage_Handler
 .text.BusFault_Handler
                0x0800ffd8       0x10 Src/stm32f7xx_it.o
                0x0800ffd8                BusFault_Handler
 .text.UsageFault_Handler
                0x0800ffe8        0x2 Src/stm32f7xx_it.o
                0x0800ffe8                UsageFault_Handler
 .text.DebugMon_Handler
                0x0800ffea        0x2 Src/stm32f7xx_it.o
                0x0800ffea                DebugMon_Handler
 .text.SysTick_Handler
                0x0800ffec        0x8 Src/stm32f7xx_it.o
                0x0800ffec                SysTick_Handler
 .text.TIM1_UP_TIM10_IRQHandler
                0x0800fff4       0x10 Src/stm32f7xx_it.o
                0x0800fff4                TIM1_UP_TIM10_IRQHandler
 .text.USART1_IRQHandler
                0x08010004       0x10 Src/stm32f7xx_it.o
                0x08010004                USART1_IRQHandler
 .text.USART3_IRQHandler
                0x08010014       0x38 Src/stm32f7xx_it.o
                0x08010014                USART3_IRQHandler
 .text.UART5_IRQHandler
                0x0801004c       0x10 Src/stm32f7xx_it.o
                0x0801004c                UART5_IRQHandler
 .text.TIM6_DAC_IRQHandler
                0x0801005c       0x10 Src/stm32f7xx_it.o
                0x0801005c                TIM6_DAC_IRQHandler
 .text.SystemInit
                0x0801006c       0x54 Src/system_stm32f7xx.o
                0x0801006c                SystemInit
 .text.getAbit  0x080100c0       0x12 modules/mLibrary.o
                0x080100c0                getAbit
 .text.get_diff_tick
                0x080100d2       0x10 modules/mLibrary.o
                0x080100d2                get_diff_tick
 *fill*         0x080100e2        0x2 
 .text.mram_write_enable
                0x080100e4       0x40 modules/mLibrary.o
                0x080100e4                mram_write_enable
 .text.mram_write_diable
                0x08010124       0x40 modules/mLibrary.o
                0x08010124                mram_write_diable
 .text.mram_byte_write
                0x08010164       0x70 modules/mLibrary.o
                0x08010164                mram_byte_write
 .text.mram_byte_read
                0x080101d4       0x58 modules/mLibrary.o
                0x080101d4                mram_byte_read
 .text.mram_block_write
                0x0801022c       0x5c modules/mLibrary.o
                0x0801022c                mram_block_write
 .text.mram_erase_Fault_data
                0x08010288       0x40 modules/mLibrary.o
                0x08010288                mram_erase_Fault_data
 .text.Erase_fault
                0x080102c8       0x3c modules/mLibrary.o
                0x080102c8                Erase_fault
 .text.MotorEnable
                0x08010304       0x14 modules/mMotorOut.o
 .text.mmo_ConnectHbridgeGND
                0x08010318       0x20 modules/mMotorOut.o
                0x08010318                mmo_ConnectHbridgeGND
 .text.mmo_DoorBrake
                0x08010338       0x20 modules/mMotorOut.o
                0x08010338                mmo_DoorBrake
 .text.mmo_DoorFree
                0x08010358       0x24 modules/mMotorOut.o
                0x08010358                mmo_DoorFree
 .text.mmo_MotorDisable
                0x0801037c       0x14 modules/mMotorOut.o
                0x0801037c                mmo_MotorDisable
 .text.mmo_DoorClosing
                0x08010390       0x38 modules/mMotorOut.o
                0x08010390                mmo_DoorClosing
 .text.mmo_DoorOpening
                0x080103c8       0x38 modules/mMotorOut.o
                0x080103c8                mmo_DoorOpening
 .text.mmo_MotorPositionReset
                0x08010400       0x10 modules/mMotorOut.o
                0x08010400                mmo_MotorPositionReset
 .text.mmo_DoorOpeningNchFET
                0x08010410        0xc modules/mMotorOut.o
                0x08010410                mmo_DoorOpeningNchFET
 .text.mmo_DoorClosingNchFET
                0x0801041c       0x18 modules/mMotorOut.o
                0x0801041c                mmo_DoorClosingNchFET
 .text.mmo_getEncoderCountValue
                0x08010434       0x18 modules/mMotorOut.o
                0x08010434                mmo_getEncoderCountValue
 .text.CalcCrc  0x0801044c       0x40 modules/mtCommunication.o
 .text.callback_test_door_free
                0x0801048c       0x50 modules/mtCommunication.o
                0x0801048c                callback_test_door_free
 .text.callback_test_reset
                0x080104dc       0x30 modules/mtCommunication.o
                0x080104dc                callback_test_reset
 .text.callback_test_obs
                0x0801050c       0x28 modules/mtCommunication.o
                0x0801050c                callback_test_obs
 .text.callback_test_debug
                0x08010534       0x40 modules/mtCommunication.o
                0x08010534                callback_test_debug
 .text.callback_test_state
                0x08010574      0x18c modules/mtCommunication.o
                0x08010574                callback_test_state
 .text.callback_test_fault
                0x08010700      0x1e0 modules/mtCommunication.o
                0x08010700                callback_test_fault
 .text.callback_test_door_open
                0x080108e0      0x124 modules/mtCommunication.o
                0x080108e0                callback_test_door_open
 .text.callback_version
                0x08010a04       0x1c modules/mtCommunication.o
                0x08010a04                callback_version
 .text.callback_test_Switch
                0x08010a20      0x168 modules/mtCommunication.o
                0x08010a20                callback_test_Switch
 .text.callback_test_mram
                0x08010b88       0xd4 modules/mtCommunication.o
                0x08010b88                callback_test_mram
 .text.callback_test_RTCSET
                0x08010c5c       0xe8 modules/mtCommunication.o
                0x08010c5c                callback_test_RTCSET
 .text.callback_test_motor_pwm
                0x08010d44      0x158 modules/mtCommunication.o
                0x08010d44                callback_test_motor_pwm
 .text.callback_test_dcu
                0x08010e9c      0x2e8 modules/mtCommunication.o
                0x08010e9c                callback_test_dcu
 .text.CommandExcute
                0x08011184       0xd0 modules/mtCommunication.o
 .text.MemHandling_data
                0x08011254      0x208 modules/mtCommunication.o
                0x08011254                MemHandling_data
 .text.Comm_Fault_tx
                0x0801145c       0xc8 modules/mtCommunication.o
                0x0801145c                Comm_Fault_tx
 .text.StateData_Send
                0x08011524       0xe0 modules/mtCommunication.o
                0x08011524                StateData_Send
 .text.isReceivePacket
                0x08011604      0x1fc modules/mtCommunication.o
 .text.SlaveRunning_Check
                0x08011800       0xb0 modules/mtCommunication.o
                0x08011800                SlaveRunning_Check
 .text.FalutStatement_DCU
                0x080118b0       0xbc modules/mtCommunication.o
                0x080118b0                FalutStatement_DCU
 .text.Statement_DCU
                0x0801196c       0xa0 modules/mtCommunication.o
                0x0801196c                Statement_DCU
 .text.mvbSaveDataDCUL
                0x08011a0c      0x514 modules/mtCommunication.o
                0x08011a0c                mvbSaveDataDCUL
 .text.mvbSaveDataDCUR
                0x08011f20      0x518 modules/mtCommunication.o
                0x08011f20                mvbSaveDataDCUR
 .text.mac_TaskRS485
                0x08012438      0xa80 modules/mtCommunication.o
                0x08012438                mac_TaskRS485
 .text.mc_TaskCLICommand
                0x08012eb8       0x2c modules/mtCommunication.o
                0x08012eb8                mc_TaskCLICommand
 .text.mvbSourceConfiguration
                0x08012ee4       0xb4 modules/mtCommunication.o
                0x08012ee4                mvbSourceConfiguration
 .text.mvbSourceWrite
                0x08012f98       0xc0 modules/mtCommunication.o
                0x08012f98                mvbSourceWrite
 .text.mvbSinkConfiguration
                0x08013058       0x74 modules/mtCommunication.o
                0x08013058                mvbSinkConfiguration
 .text.callback_test_DCUID
                0x080130cc      0x18c modules/mtCommunication.o
                0x080130cc                callback_test_DCUID
 .text.mvbSinkRead
                0x08013258      0x75c modules/mtCommunication.o
                0x08013258                mvbSinkRead
 .text.mc_TaskMVB
                0x080139b4      0x22c modules/mtCommunication.o
                0x080139b4                mc_TaskMVB
 .text.mac_TaskAliveCheck
                0x08013be0      0x2cc modules/mtCommunication.o
                0x08013be0                mac_TaskAliveCheck
 .text.InitClosing
                0x08013eac       0xf0 modules/mtDecisionControl.o
 .text.StateSetToOpeningAtClosed
                0x08013f9c       0x90 modules/mtDecisionControl.o
                0x08013f9c                StateSetToOpeningAtClosed
 .text.StateSetToClosedAtClosing
                0x0801402c       0xa4 modules/mtDecisionControl.o
                0x0801402c                StateSetToClosedAtClosing
 .text.DecisionOnClosed
                0x080140d0      0x174 modules/mtDecisionControl.o
 .text.DecisionOnClosing
                0x08014244      0x50c modules/mtDecisionControl.o
 .text.DecisionOnObstacle
                0x08014750      0x268 modules/mtDecisionControl.o
 .text.StateSetToClosingAtOpened
                0x080149b8      0x15c modules/mtDecisionControl.o
                0x080149b8                StateSetToClosingAtOpened
 .text.StateSetToOpenedAtOpening
                0x08014b14       0x7c modules/mtDecisionControl.o
                0x08014b14                StateSetToOpenedAtOpening
 .text.DecisionOnOpening
                0x08014b90      0x1b4 modules/mtDecisionControl.o
 .text.DecisionOnOpened
                0x08014d44      0x2e0 modules/mtDecisionControl.o
 .text.ConfigDcuParameters
                0x08015024      0x1c8 modules/mtDecisionControl.o
                0x08015024                ConfigDcuParameters
 .text.FaultAction_F07
                0x080151ec      0x290 modules/mtDecisionControl.o
                0x080151ec                FaultAction_F07
 .text.FaultAction_F10
                0x0801547c       0xe0 modules/mtDecisionControl.o
                0x0801547c                FaultAction_F10
 .text.FaultAction_F04_F08
                0x0801555c      0x138 modules/mtDecisionControl.o
                0x0801555c                FaultAction_F04_F08
 .text.FaultAction_F05_F06
                0x08015694       0xe0 modules/mtDecisionControl.o
                0x08015694                FaultAction_F05_F06
 .text.DecisionOnError
                0x08015774       0xcc modules/mtDecisionControl.o
 .text.mdc_TaskDecisionControl
                0x08015840      0x434 modules/mtDecisionControl.o
                0x08015840                mdc_TaskDecisionControl
 .text.mip_TaskInputProcessing
                0x08015c74      0x3dc modules/mtInputProcessing.o
                0x08015c74                mip_TaskInputProcessing
 .text.mip_MasterCodeMasterLED
                0x08016050       0x24 modules/mtInputProcessing.o
                0x08016050                mip_MasterCodeMasterLED
 .text.mip_SleveCodeSlaveRun
                0x08016074       0xbc modules/mtInputProcessing.o
                0x08016074                mip_SleveCodeSlaveRun
 .text.mip_EmergencyLamp
                0x08016130       0x18 modules/mtInputProcessing.o
                0x08016130                mip_EmergencyLamp
 .text.DiagnosisInDecisionControl
                0x08016148      0x128 modules/mtMonitoring.o
 .text.mm_SaveCurrentDcuData
                0x08016270      0x4b0 modules/mtMonitoring.o
                0x08016270                mm_SaveCurrentDcuData
 .text.mm_SaveFaultDcuData
                0x08016720      0x162 modules/mtMonitoring.o
                0x08016720                mm_SaveFaultDcuData
 *fill*         0x08016882        0x2 
 .text.DisplaySWVersionToFND
                0x08016884       0xbc modules/mtMonitoring.o
                0x08016884                DisplaySWVersionToFND
 .text.Display3FND
                0x08016940       0x4c modules/mtMonitoring.o
                0x08016940                Display3FND
 .text.md_TaskDisplayFND
                0x0801698c      0x150 modules/mtMonitoring.o
                0x0801698c                md_TaskDisplayFND
 .text.FaultFlag_SET
                0x08016adc       0x74 modules/mtMonitoring.o
                0x08016adc                FaultFlag_SET
 .text.mram_Event_save
                0x08016b50       0x20 modules/mtMonitoring.o
                0x08016b50                mram_Event_save
 .text.mm_DLSFault_Dectetion
                0x08016b70      0x264 modules/mtMonitoring.o
                0x08016b70                mm_DLSFault_Dectetion
 .text.mm_DCSFault_Dectetion
                0x08016dd4      0x24c modules/mtMonitoring.o
                0x08016dd4                mm_DCSFault_Dectetion
 .text.mm_Mo_EnFault_Dectetion
                0x08017020      0x158 modules/mtMonitoring.o
                0x08017020                mm_Mo_EnFault_Dectetion
 .text.mm_F07fault_Dectection
                0x08017178      0x104 modules/mtMonitoring.o
                0x08017178                mm_F07fault_Dectection
 .text.mm_SafetyFault_Dectection
                0x0801727c       0x58 modules/mtMonitoring.o
                0x0801727c                mm_SafetyFault_Dectection
 .text.mm_ObsFault_Dectection
                0x080172d4       0x38 modules/mtMonitoring.o
                0x080172d4                mm_ObsFault_Dectection
 .text.mm_485_Change_Detection
                0x0801730c       0x48 modules/mtMonitoring.o
                0x0801730c                mm_485_Change_Detection
 .text.mm_OpenFault_Detection
                0x08017354       0x84 modules/mtMonitoring.o
                0x08017354                mm_OpenFault_Detection
 .text.mm_HardFault_Detection
                0x080173d8       0x30 modules/mtMonitoring.o
                0x080173d8                mm_HardFault_Detection
 .text.mm_TaskMonitoring
                0x08017408      0x11c modules/mtMonitoring.o
                0x08017408                mm_TaskMonitoring
 .text.mmf_ConversionADC
                0x08017524       0xac modules/mtMotorFeedback.o
                0x08017524                mmf_ConversionADC
 .text.mmf_TaskMotorFeedback
                0x080175d0      0x140 modules/mtMotorFeedback.o
                0x080175d0                mmf_TaskMotorFeedback
 .text.mmf_isrBemf_VelocityControl
                0x08017710      0x138 modules/mtMotorFeedback.o
                0x08017710                mmf_isrBemf_VelocityControl
 .text.mmf_isrBemf_PositionCalculate
                0x08017848       0x4c modules/mtMotorFeedback.o
                0x08017848                mmf_isrBemf_PositionCalculate
 .text.mmf_isrEncoder_VelocityControl
                0x08017894      0xdcc modules/mtMotorFeedback.o
                0x08017894                mmf_isrEncoder_VelocityControl
 .text.setPIDPWMOut
                0x08018660        0x2 modules/mtMotorFeedback.o
                0x08018660                setPIDPWMOut
 *fill*         0x08018662        0x2 
 .text.DetectObstacle
                0x08018664      0x5c0 modules/mtObstacleDetect.o
 .text.mod_TaskObstacleDetect
                0x08018c24      0x1cc modules/mtObstacleDetect.o
                0x08018c24                mod_TaskObstacleDetect
 .text.Reset_Handler
                0x08018df0       0x50 startup/startup_stm32f756xx.o
                0x08018df0                Reset_Handler
 .text.Default_Handler
                0x08018e40        0x2 startup/startup_stm32f756xx.o
                0x08018e40                RTC_Alarm_IRQHandler
                0x08018e40                HASH_RNG_IRQHandler
                0x08018e40                EXTI2_IRQHandler
                0x08018e40                TIM8_CC_IRQHandler
                0x08018e40                UART8_IRQHandler
                0x08018e40                SPI4_IRQHandler
                0x08018e40                TIM1_CC_IRQHandler
                0x08018e40                DMA2_Stream5_IRQHandler
                0x08018e40                DMA1_Stream5_IRQHandler
                0x08018e40                PVD_IRQHandler
                0x08018e40                TAMP_STAMP_IRQHandler
                0x08018e40                CAN2_RX1_IRQHandler
                0x08018e40                EXTI3_IRQHandler
                0x08018e40                TIM8_TRG_COM_TIM14_IRQHandler
                0x08018e40                TIM8_UP_TIM13_IRQHandler
                0x08018e40                I2C3_ER_IRQHandler
                0x08018e40                EXTI0_IRQHandler
                0x08018e40                I2C2_EV_IRQHandler
                0x08018e40                DMA1_Stream2_IRQHandler
                0x08018e40                CAN1_RX0_IRQHandler
                0x08018e40                FPU_IRQHandler
                0x08018e40                OTG_HS_WKUP_IRQHandler
                0x08018e40                LTDC_ER_IRQHandler
                0x08018e40                CAN2_SCE_IRQHandler
                0x08018e40                DMA2_Stream2_IRQHandler
                0x08018e40                SPI1_IRQHandler
                0x08018e40                TIM1_BRK_TIM9_IRQHandler
                0x08018e40                DCMI_IRQHandler
                0x08018e40                CAN2_RX0_IRQHandler
                0x08018e40                DMA2_Stream3_IRQHandler
                0x08018e40                SAI2_IRQHandler
                0x08018e40                USART6_IRQHandler
                0x08018e40                CRYP_IRQHandler
                0x08018e40                CAN1_RX1_IRQHandler
                0x08018e40                DMA2_Stream0_IRQHandler
                0x08018e40                TIM4_IRQHandler
                0x08018e40                QUADSPI_IRQHandler
                0x08018e40                I2C1_EV_IRQHandler
                0x08018e40                DMA1_Stream6_IRQHandler
                0x08018e40                DMA1_Stream1_IRQHandler
                0x08018e40                UART4_IRQHandler
                0x08018e40                TIM3_IRQHandler
                0x08018e40                RCC_IRQHandler
                0x08018e40                TIM8_BRK_TIM12_IRQHandler
                0x08018e40                Default_Handler
                0x08018e40                CEC_IRQHandler
                0x08018e40                EXTI15_10_IRQHandler
                0x08018e40                ADC_IRQHandler
                0x08018e40                DMA1_Stream7_IRQHandler
                0x08018e40                SPI5_IRQHandler
                0x08018e40                TIM7_IRQHandler
                0x08018e40                SDMMC1_IRQHandler
                0x08018e40                CAN2_TX_IRQHandler
                0x08018e40                TIM5_IRQHandler
                0x08018e40                DMA2_Stream7_IRQHandler
                0x08018e40                I2C3_EV_IRQHandler
                0x08018e40                EXTI9_5_IRQHandler
                0x08018e40                RTC_WKUP_IRQHandler
                0x08018e40                LTDC_IRQHandler
                0x08018e40                ETH_WKUP_IRQHandler
                0x08018e40                SPDIF_RX_IRQHandler
                0x08018e40                SPI2_IRQHandler
                0x08018e40                OTG_HS_EP1_IN_IRQHandler
                0x08018e40                DMA1_Stream0_IRQHandler
                0x08018e40                CAN1_TX_IRQHandler
                0x08018e40                EXTI4_IRQHandler
                0x08018e40                ETH_IRQHandler
                0x08018e40                OTG_HS_EP1_OUT_IRQHandler
                0x08018e40                WWDG_IRQHandler
                0x08018e40                SPI6_IRQHandler
                0x08018e40                I2C4_EV_IRQHandler
                0x08018e40                TIM2_IRQHandler
                0x08018e40                OTG_FS_WKUP_IRQHandler
                0x08018e40                TIM1_TRG_COM_TIM11_IRQHandler
                0x08018e40                OTG_HS_IRQHandler
                0x08018e40                DMA2D_IRQHandler
                0x08018e40                EXTI1_IRQHandler
                0x08018e40                UART7_IRQHandler
                0x08018e40                USART2_IRQHandler
                0x08018e40                I2C2_ER_IRQHandler
                0x08018e40                DMA2_Stream1_IRQHandler
                0x08018e40                CAN1_SCE_IRQHandler
                0x08018e40                FLASH_IRQHandler
                0x08018e40                DMA2_Stream4_IRQHandler
                0x08018e40                OTG_FS_IRQHandler
                0x08018e40                SPI3_IRQHandler
                0x08018e40                DMA1_Stream4_IRQHandler
                0x08018e40                I2C1_ER_IRQHandler
                0x08018e40                FMC_IRQHandler
                0x08018e40                LPTIM1_IRQHandler
                0x08018e40                I2C4_ER_IRQHandler
                0x08018e40                DMA2_Stream6_IRQHandler
                0x08018e40                SAI1_IRQHandler
                0x08018e40                DMA1_Stream3_IRQHandler
 *fill*         0x08018e42        0x2 
 .text.__sflush_r
                0x08018e44      0x10c c:/ac6/systemworkbench/plugins/fr.ac6.mcu.externaltools.arm-none.win32_1.17.0.201812190825/tools/compiler/bin/../lib/gcc/arm-none-eabi/7.3.1/../../../../arm-none-eabi/lib/thumb/v7e-m/fpv4-sp/hard\libc_nano.a(lib_a-fflush.o)
                0x08018e44                __sflush_r
 .text._fflush_r
                0x08018f50       0x54 c:/ac6/systemworkbench/plugins/fr.ac6.mcu.externaltools.arm-none.win32_1.17.0.201812190825/tools/compiler/bin/../lib/gcc/arm-none-eabi/7.3.1/../../../../arm-none-eabi/lib/thumb/v7e-m/fpv4-sp/hard\libc_nano.a(lib_a-fflush.o)
                0x08018f50                _fflush_r
 .text.fflush   0x08018fa4       0x24 c:/ac6/systemworkbench/plugins/fr.ac6.mcu.externaltools.arm-none.win32_1.17.0.201812190825/tools/compiler/bin/../lib/gcc/arm-none-eabi/7.3.1/../../../../arm-none-eabi/lib/thumb/v7e-m/fpv4-sp/hard\libc_nano.a(lib_a-fflush.o)
                0x08018fa4                fflush
 .text.std      0x08018fc8       0x48 c:/ac6/systemworkbench/plugins/fr.ac6.mcu.externaltools.arm-none.win32_1.17.0.201812190825/tools/compiler/bin/../lib/gcc/arm-none-eabi/7.3.1/../../../../arm-none-eabi/lib/thumb/v7e-m/fpv4-sp/hard\libc_nano.a(lib_a-findfp.o)
 .text._cleanup_r
                0x08019010        0xc c:/ac6/systemworkbench/plugins/fr.ac6.mcu.externaltools.arm-none.win32_1.17.0.201812190825/tools/compiler/bin/../lib/gcc/arm-none-eabi/7.3.1/../../../../arm-none-eabi/lib/thumb/v7e-m/fpv4-sp/hard\libc_nano.a(lib_a-findfp.o)
                0x08019010                _cleanup_r
 .text.__sfmoreglue
                0x0801901c       0x2c c:/ac6/systemworkbench/plugins/fr.ac6.mcu.externaltools.arm-none.win32_1.17.0.201812190825/tools/compiler/bin/../lib/gcc/arm-none-eabi/7.3.1/../../../../arm-none-eabi/lib/thumb/v7e-m/fpv4-sp/hard\libc_nano.a(lib_a-findfp.o)
                0x0801901c                __sfmoreglue
 .text.__sinit  0x08019048       0x60 c:/ac6/systemworkbench/plugins/fr.ac6.mcu.externaltools.arm-none.win32_1.17.0.201812190825/tools/compiler/bin/../lib/gcc/arm-none-eabi/7.3.1/../../../../arm-none-eabi/lib/thumb/v7e-m/fpv4-sp/hard\libc_nano.a(lib_a-findfp.o)
                0x08019048                __sinit
 .text.__sfp    0x080190a8       0x78 c:/ac6/systemworkbench/plugins/fr.ac6.mcu.externaltools.arm-none.win32_1.17.0.201812190825/tools/compiler/bin/../lib/gcc/arm-none-eabi/7.3.1/../../../../arm-none-eabi/lib/thumb/v7e-m/fpv4-sp/hard\libc_nano.a(lib_a-findfp.o)
                0x080190a8                __sfp
 .text._fwalk_reent
                0x08019120       0x3c c:/ac6/systemworkbench/plugins/fr.ac6.mcu.externaltools.arm-none.win32_1.17.0.201812190825/tools/compiler/bin/../lib/gcc/arm-none-eabi/7.3.1/../../../../arm-none-eabi/lib/thumb/v7e-m/fpv4-sp/hard\libc_nano.a(lib_a-fwalk.o)
                0x08019120                _fwalk_reent
 .text.__libc_init_array
                0x0801915c       0x48 c:/ac6/systemworkbench/plugins/fr.ac6.mcu.externaltools.arm-none.win32_1.17.0.201812190825/tools/compiler/bin/../lib/gcc/arm-none-eabi/7.3.1/../../../../arm-none-eabi/lib/thumb/v7e-m/fpv4-sp/hard\libc_nano.a(lib_a-init.o)
                0x0801915c                __libc_init_array
 .text.memcpy   0x080191a4       0x16 c:/ac6/systemworkbench/plugins/fr.ac6.mcu.externaltools.arm-none.win32_1.17.0.201812190825/tools/compiler/bin/../lib/gcc/arm-none-eabi/7.3.1/../../../../arm-none-eabi/lib/thumb/v7e-m/fpv4-sp/hard\libc_nano.a(lib_a-memcpy-stub.o)
                0x080191a4                memcpy
 .text.memset   0x080191ba       0x10 c:/ac6/systemworkbench/plugins/fr.ac6.mcu.externaltools.arm-none.win32_1.17.0.201812190825/tools/compiler/bin/../lib/gcc/arm-none-eabi/7.3.1/../../../../arm-none-eabi/lib/thumb/v7e-m/fpv4-sp/hard\libc_nano.a(lib_a-memset.o)
                0x080191ba                memset
 *fill*         0x080191ca        0x2 
 .text._free_r  0x080191cc       0x9c c:/ac6/systemworkbench/plugins/fr.ac6.mcu.externaltools.arm-none.win32_1.17.0.201812190825/tools/compiler/bin/../lib/gcc/arm-none-eabi/7.3.1/../../../../arm-none-eabi/lib/thumb/v7e-m/fpv4-sp/hard\libc_nano.a(lib_a-nano-freer.o)
                0x080191cc                _free_r
 .text._malloc_r
                0x08019268       0xb4 c:/ac6/systemworkbench/plugins/fr.ac6.mcu.externaltools.arm-none.win32_1.17.0.201812190825/tools/compiler/bin/../lib/gcc/arm-none-eabi/7.3.1/../../../../arm-none-eabi/lib/thumb/v7e-m/fpv4-sp/hard\libc_nano.a(lib_a-nano-mallocr.o)
                0x08019268                _malloc_r
 .text.__cvt    0x0801931c       0xc2 c:/ac6/systemworkbench/plugins/fr.ac6.mcu.externaltools.arm-none.win32_1.17.0.201812190825/tools/compiler/bin/../lib/gcc/arm-none-eabi/7.3.1/../../../../arm-none-eabi/lib/thumb/v7e-m/fpv4-sp/hard\libc_nano.a(lib_a-nano-vfprintf_float.o)
                0x0801931c                __cvt
 .text.__exponent
                0x080193de       0x66 c:/ac6/systemworkbench/plugins/fr.ac6.mcu.externaltools.arm-none.win32_1.17.0.201812190825/tools/compiler/bin/../lib/gcc/arm-none-eabi/7.3.1/../../../../arm-none-eabi/lib/thumb/v7e-m/fpv4-sp/hard\libc_nano.a(lib_a-nano-vfprintf_float.o)
                0x080193de                __exponent
 .text._printf_float
                0x08019444      0x480 c:/ac6/systemworkbench/plugins/fr.ac6.mcu.externaltools.arm-none.win32_1.17.0.201812190825/tools/compiler/bin/../lib/gcc/arm-none-eabi/7.3.1/../../../../arm-none-eabi/lib/thumb/v7e-m/fpv4-sp/hard\libc_nano.a(lib_a-nano-vfprintf_float.o)
                0x08019444                _printf_float
 .text._printf_common
                0x080198c4       0xea c:/ac6/systemworkbench/plugins/fr.ac6.mcu.externaltools.arm-none.win32_1.17.0.201812190825/tools/compiler/bin/../lib/gcc/arm-none-eabi/7.3.1/../../../../arm-none-eabi/lib/thumb/v7e-m/fpv4-sp/hard\libc_nano.a(lib_a-nano-vfprintf_i.o)
                0x080198c4                _printf_common
 *fill*         0x080199ae        0x2 
 .text._printf_i
                0x080199b0      0x224 c:/ac6/systemworkbench/plugins/fr.ac6.mcu.externaltools.arm-none.win32_1.17.0.201812190825/tools/compiler/bin/../lib/gcc/arm-none-eabi/7.3.1/../../../../arm-none-eabi/lib/thumb/v7e-m/fpv4-sp/hard\libc_nano.a(lib_a-nano-vfprintf_i.o)
                0x080199b0                _printf_i
 .text.printf   0x08019bd4       0x30 c:/ac6/systemworkbench/plugins/fr.ac6.mcu.externaltools.arm-none.win32_1.17.0.201812190825/tools/compiler/bin/../lib/gcc/arm-none-eabi/7.3.1/../../../../arm-none-eabi/lib/thumb/v7e-m/fpv4-sp/hard\libc_nano.a(lib_a-printf.o)
                0x08019bd4                iprintf
                0x08019bd4                printf
 .text.putchar  0x08019c04       0x28 c:/ac6/systemworkbench/plugins/fr.ac6.mcu.externaltools.arm-none.win32_1.17.0.201812190825/tools/compiler/bin/../lib/gcc/arm-none-eabi/7.3.1/../../../../arm-none-eabi/lib/thumb/v7e-m/fpv4-sp/hard\libc_nano.a(lib_a-putchar.o)
                0x08019c04                putchar
 .text._puts_r  0x08019c2c       0xb8 c:/ac6/systemworkbench/plugins/fr.ac6.mcu.externaltools.arm-none.win32_1.17.0.201812190825/tools/compiler/bin/../lib/gcc/arm-none-eabi/7.3.1/../../../../arm-none-eabi/lib/thumb/v7e-m/fpv4-sp/hard\libc_nano.a(lib_a-puts.o)
                0x08019c2c                _puts_r
 .text.puts     0x08019ce4       0x10 c:/ac6/systemworkbench/plugins/fr.ac6.mcu.externaltools.arm-none.win32_1.17.0.201812190825/tools/compiler/bin/../lib/gcc/arm-none-eabi/7.3.1/../../../../arm-none-eabi/lib/thumb/v7e-m/fpv4-sp/hard\libc_nano.a(lib_a-puts.o)
                0x08019ce4                puts
 .text._sbrk_r  0x08019cf4       0x20 c:/ac6/systemworkbench/plugins/fr.ac6.mcu.externaltools.arm-none.win32_1.17.0.201812190825/tools/compiler/bin/../lib/gcc/arm-none-eabi/7.3.1/../../../../arm-none-eabi/lib/thumb/v7e-m/fpv4-sp/hard\libc_nano.a(lib_a-sbrkr.o)
                0x08019cf4                _sbrk_r
 .text.sscanf   0x08019d14       0x54 c:/ac6/systemworkbench/plugins/fr.ac6.mcu.externaltools.arm-none.win32_1.17.0.201812190825/tools/compiler/bin/../lib/gcc/arm-none-eabi/7.3.1/../../../../arm-none-eabi/lib/thumb/v7e-m/fpv4-sp/hard\libc_nano.a(lib_a-sscanf.o)
                0x08019d14                siscanf
                0x08019d14                sscanf
 .text.__sread  0x08019d68       0x22 c:/ac6/systemworkbench/plugins/fr.ac6.mcu.externaltools.arm-none.win32_1.17.0.201812190825/tools/compiler/bin/../lib/gcc/arm-none-eabi/7.3.1/../../../../arm-none-eabi/lib/thumb/v7e-m/fpv4-sp/hard\libc_nano.a(lib_a-stdio.o)
                0x08019d68                __sread
 .text.__seofread
                0x08019d8a        0x4 c:/ac6/systemworkbench/plugins/fr.ac6.mcu.externaltools.arm-none.win32_1.17.0.201812190825/tools/compiler/bin/../lib/gcc/arm-none-eabi/7.3.1/../../../../arm-none-eabi/lib/thumb/v7e-m/fpv4-sp/hard\libc_nano.a(lib_a-stdio.o)
                0x08019d8a                __seofread
 .text.__swrite
                0x08019d8e       0x38 c:/ac6/systemworkbench/plugins/fr.ac6.mcu.externaltools.arm-none.win32_1.17.0.201812190825/tools/compiler/bin/../lib/gcc/arm-none-eabi/7.3.1/../../../../arm-none-eabi/lib/thumb/v7e-m/fpv4-sp/hard\libc_nano.a(lib_a-stdio.o)
                0x08019d8e                __swrite
 .text.__sseek  0x08019dc6       0x24 c:/ac6/systemworkbench/plugins/fr.ac6.mcu.externaltools.arm-none.win32_1.17.0.201812190825/tools/compiler/bin/../lib/gcc/arm-none-eabi/7.3.1/../../../../arm-none-eabi/lib/thumb/v7e-m/fpv4-sp/hard\libc_nano.a(lib_a-stdio.o)
                0x08019dc6                __sseek
 .text.__sclose
                0x08019dea        0x8 c:/ac6/systemworkbench/plugins/fr.ac6.mcu.externaltools.arm-none.win32_1.17.0.201812190825/tools/compiler/bin/../lib/gcc/arm-none-eabi/7.3.1/../../../../arm-none-eabi/lib/thumb/v7e-m/fpv4-sp/hard\libc_nano.a(lib_a-stdio.o)
                0x08019dea                __sclose
 .text.strchr   0x08019df2       0x1a c:/ac6/systemworkbench/plugins/fr.ac6.mcu.externaltools.arm-none.win32_1.17.0.201812190825/tools/compiler/bin/../lib/gcc/arm-none-eabi/7.3.1/../../../../arm-none-eabi/lib/thumb/v7e-m/fpv4-sp/hard\libc_nano.a(lib_a-strchr.o)
                0x08019df2                strchr
 .text.strstr   0x08019e0c       0x34 c:/ac6/systemworkbench/plugins/fr.ac6.mcu.externaltools.arm-none.win32_1.17.0.201812190825/tools/compiler/bin/../lib/gcc/arm-none-eabi/7.3.1/../../../../arm-none-eabi/lib/thumb/v7e-m/fpv4-sp/hard\libc_nano.a(lib_a-strstr.o)
                0x08019e0c                strstr
 .text.strtok   0x08019e40       0x54 c:/ac6/systemworkbench/plugins/fr.ac6.mcu.externaltools.arm-none.win32_1.17.0.201812190825/tools/compiler/bin/../lib/gcc/arm-none-eabi/7.3.1/../../../../arm-none-eabi/lib/thumb/v7e-m/fpv4-sp/hard\libc_nano.a(lib_a-strtok.o)
                0x08019e40                strtok
 .text.__strtok_r
                0x08019e94       0x54 c:/ac6/systemworkbench/plugins/fr.ac6.mcu.externaltools.arm-none.win32_1.17.0.201812190825/tools/compiler/bin/../lib/gcc/arm-none-eabi/7.3.1/../../../../arm-none-eabi/lib/thumb/v7e-m/fpv4-sp/hard\libc_nano.a(lib_a-strtok_r.o)
                0x08019e94                __strtok_r
 .text._strtol_l.isra.0
                0x08019ee8       0xf6 c:/ac6/systemworkbench/plugins/fr.ac6.mcu.externaltools.arm-none.win32_1.17.0.201812190825/tools/compiler/bin/../lib/gcc/arm-none-eabi/7.3.1/../../../../arm-none-eabi/lib/thumb/v7e-m/fpv4-sp/hard\libc_nano.a(lib_a-strtol.o)
 *fill*         0x08019fde        0x2 
 .text._strtol_r
                0x08019fe0       0x24 c:/ac6/systemworkbench/plugins/fr.ac6.mcu.externaltools.arm-none.win32_1.17.0.201812190825/tools/compiler/bin/../lib/gcc/arm-none-eabi/7.3.1/../../../../arm-none-eabi/lib/thumb/v7e-m/fpv4-sp/hard\libc_nano.a(lib_a-strtol.o)
                0x08019fe0                _strtol_r
 .text.strtol   0x0801a004       0x2c c:/ac6/systemworkbench/plugins/fr.ac6.mcu.externaltools.arm-none.win32_1.17.0.201812190825/tools/compiler/bin/../lib/gcc/arm-none-eabi/7.3.1/../../../../arm-none-eabi/lib/thumb/v7e-m/fpv4-sp/hard\libc_nano.a(lib_a-strtol.o)
                0x0801a004                strtol
 .text.__swbuf_r
                0x0801a030       0xa4 c:/ac6/systemworkbench/plugins/fr.ac6.mcu.externaltools.arm-none.win32_1.17.0.201812190825/tools/compiler/bin/../lib/gcc/arm-none-eabi/7.3.1/../../../../arm-none-eabi/lib/thumb/v7e-m/fpv4-sp/hard\libc_nano.a(lib_a-wbuf.o)
                0x0801a030                __swbuf_r
 .text._write_r
                0x0801a0d4       0x24 c:/ac6/systemworkbench/plugins/fr.ac6.mcu.externaltools.arm-none.win32_1.17.0.201812190825/tools/compiler/bin/../lib/gcc/arm-none-eabi/7.3.1/../../../../arm-none-eabi/lib/thumb/v7e-m/fpv4-sp/hard\libc_nano.a(lib_a-writer.o)
                0x0801a0d4                _write_r
 .text.__swsetup_r
                0x0801a0f8       0xdc c:/ac6/systemworkbench/plugins/fr.ac6.mcu.externaltools.arm-none.win32_1.17.0.201812190825/tools/compiler/bin/../lib/gcc/arm-none-eabi/7.3.1/../../../../arm-none-eabi/lib/thumb/v7e-m/fpv4-sp/hard\libc_nano.a(lib_a-wsetup.o)
                0x0801a0f8                __swsetup_r
 .text._close_r
                0x0801a1d4       0x20 c:/ac6/systemworkbench/plugins/fr.ac6.mcu.externaltools.arm-none.win32_1.17.0.201812190825/tools/compiler/bin/../lib/gcc/arm-none-eabi/7.3.1/../../../../arm-none-eabi/lib/thumb/v7e-m/fpv4-sp/hard\libc_nano.a(lib_a-closer.o)
                0x0801a1d4                _close_r
 .text.quorem   0x0801a1f4      0x118 c:/ac6/systemworkbench/plugins/fr.ac6.mcu.externaltools.arm-none.win32_1.17.0.201812190825/tools/compiler/bin/../lib/gcc/arm-none-eabi/7.3.1/../../../../arm-none-eabi/lib/thumb/v7e-m/fpv4-sp/hard\libc_nano.a(lib_a-dtoa.o)
 *fill*         0x0801a30c        0x4 
 .text._dtoa_r  0x0801a310      0xb70 c:/ac6/systemworkbench/plugins/fr.ac6.mcu.externaltools.arm-none.win32_1.17.0.201812190825/tools/compiler/bin/../lib/gcc/arm-none-eabi/7.3.1/../../../../arm-none-eabi/lib/thumb/v7e-m/fpv4-sp/hard\libc_nano.a(lib_a-dtoa.o)
                0x0801a310                _dtoa_r
 .text.__locale_ctype_ptr_l
                0x0801ae80        0x6 c:/ac6/systemworkbench/plugins/fr.ac6.mcu.externaltools.arm-none.win32_1.17.0.201812190825/tools/compiler/bin/../lib/gcc/arm-none-eabi/7.3.1/../../../../arm-none-eabi/lib/thumb/v7e-m/fpv4-sp/hard\libc_nano.a(lib_a-locale.o)
                0x0801ae80                __locale_ctype_ptr_l
 *fill*         0x0801ae86        0x2 
 .text.__locale_ctype_ptr
                0x0801ae88       0x1c c:/ac6/systemworkbench/plugins/fr.ac6.mcu.externaltools.arm-none.win32_1.17.0.201812190825/tools/compiler/bin/../lib/gcc/arm-none-eabi/7.3.1/../../../../arm-none-eabi/lib/thumb/v7e-m/fpv4-sp/hard\libc_nano.a(lib_a-locale.o)
                0x0801ae88                __locale_ctype_ptr
 .text._localeconv_r
                0x0801aea4       0x1c c:/ac6/systemworkbench/plugins/fr.ac6.mcu.externaltools.arm-none.win32_1.17.0.201812190825/tools/compiler/bin/../lib/gcc/arm-none-eabi/7.3.1/../../../../arm-none-eabi/lib/thumb/v7e-m/fpv4-sp/hard\libc_nano.a(lib_a-localeconv.o)
                0x0801aea4                _localeconv_r
 .text._lseek_r
                0x0801aec0       0x24 c:/ac6/systemworkbench/plugins/fr.ac6.mcu.externaltools.arm-none.win32_1.17.0.201812190825/tools/compiler/bin/../lib/gcc/arm-none-eabi/7.3.1/../../../../arm-none-eabi/lib/thumb/v7e-m/fpv4-sp/hard\libc_nano.a(lib_a-lseekr.o)
                0x0801aec0                _lseek_r
 .text.__swhatbuf_r
                0x0801aee4       0x48 c:/ac6/systemworkbench/plugins/fr.ac6.mcu.externaltools.arm-none.win32_1.17.0.201812190825/tools/compiler/bin/../lib/gcc/arm-none-eabi/7.3.1/../../../../arm-none-eabi/lib/thumb/v7e-m/fpv4-sp/hard\libc_nano.a(lib_a-makebuf.o)
                0x0801aee4                __swhatbuf_r
 .text.__smakebuf_r
                0x0801af2c       0x80 c:/ac6/systemworkbench/plugins/fr.ac6.mcu.externaltools.arm-none.win32_1.17.0.201812190825/tools/compiler/bin/../lib/gcc/arm-none-eabi/7.3.1/../../../../arm-none-eabi/lib/thumb/v7e-m/fpv4-sp/hard\libc_nano.a(lib_a-makebuf.o)
                0x0801af2c                __smakebuf_r
 .text.malloc   0x0801afac       0x10 c:/ac6/systemworkbench/plugins/fr.ac6.mcu.externaltools.arm-none.win32_1.17.0.201812190825/tools/compiler/bin/../lib/gcc/arm-none-eabi/7.3.1/../../../../arm-none-eabi/lib/thumb/v7e-m/fpv4-sp/hard\libc_nano.a(lib_a-malloc.o)
                0x0801afac                malloc
 .text.__ascii_mbtowc
                0x0801afbc       0x24 c:/ac6/systemworkbench/plugins/fr.ac6.mcu.externaltools.arm-none.win32_1.17.0.201812190825/tools/compiler/bin/../lib/gcc/arm-none-eabi/7.3.1/../../../../arm-none-eabi/lib/thumb/v7e-m/fpv4-sp/hard\libc_nano.a(lib_a-mbtowc_r.o)
                0x0801afbc                __ascii_mbtowc
 .text.__malloc_lock
                0x0801afe0        0x2 c:/ac6/systemworkbench/plugins/fr.ac6.mcu.externaltools.arm-none.win32_1.17.0.201812190825/tools/compiler/bin/../lib/gcc/arm-none-eabi/7.3.1/../../../../arm-none-eabi/lib/thumb/v7e-m/fpv4-sp/hard\libc_nano.a(lib_a-mlock.o)
                0x0801afe0                __malloc_lock
 .text.__malloc_unlock
                0x0801afe2        0x2 c:/ac6/systemworkbench/plugins/fr.ac6.mcu.externaltools.arm-none.win32_1.17.0.201812190825/tools/compiler/bin/../lib/gcc/arm-none-eabi/7.3.1/../../../../arm-none-eabi/lib/thumb/v7e-m/fpv4-sp/hard\libc_nano.a(lib_a-mlock.o)
                0x0801afe2                __malloc_unlock
 .text._Balloc  0x0801afe4       0x68 c:/ac6/systemworkbench/plugins/fr.ac6.mcu.externaltools.arm-none.win32_1.17.0.201812190825/tools/compiler/bin/../lib/gcc/arm-none-eabi/7.3.1/../../../../arm-none-eabi/lib/thumb/v7e-m/fpv4-sp/hard\libc_nano.a(lib_a-mprec.o)
                0x0801afe4                _Balloc
 .text._Bfree   0x0801b04c       0x2e c:/ac6/systemworkbench/plugins/fr.ac6.mcu.externaltools.arm-none.win32_1.17.0.201812190825/tools/compiler/bin/../lib/gcc/arm-none-eabi/7.3.1/../../../../arm-none-eabi/lib/thumb/v7e-m/fpv4-sp/hard\libc_nano.a(lib_a-mprec.o)
                0x0801b04c                _Bfree
 .text.__multadd
                0x0801b07a       0x76 c:/ac6/systemworkbench/plugins/fr.ac6.mcu.externaltools.arm-none.win32_1.17.0.201812190825/tools/compiler/bin/../lib/gcc/arm-none-eabi/7.3.1/../../../../arm-none-eabi/lib/thumb/v7e-m/fpv4-sp/hard\libc_nano.a(lib_a-mprec.o)
                0x0801b07a                __multadd
 .text.__hi0bits
                0x0801b0f0       0x3e c:/ac6/systemworkbench/plugins/fr.ac6.mcu.externaltools.arm-none.win32_1.17.0.201812190825/tools/compiler/bin/../lib/gcc/arm-none-eabi/7.3.1/../../../../arm-none-eabi/lib/thumb/v7e-m/fpv4-sp/hard\libc_nano.a(lib_a-mprec.o)
                0x0801b0f0                __hi0bits
 .text.__lo0bits
                0x0801b12e       0x5e c:/ac6/systemworkbench/plugins/fr.ac6.mcu.externaltools.arm-none.win32_1.17.0.201812190825/tools/compiler/bin/../lib/gcc/arm-none-eabi/7.3.1/../../../../arm-none-eabi/lib/thumb/v7e-m/fpv4-sp/hard\libc_nano.a(lib_a-mprec.o)
                0x0801b12e                __lo0bits
 .text.__i2b    0x0801b18c       0x12 c:/ac6/systemworkbench/plugins/fr.ac6.mcu.externaltools.arm-none.win32_1.17.0.201812190825/tools/compiler/bin/../lib/gcc/arm-none-eabi/7.3.1/../../../../arm-none-eabi/lib/thumb/v7e-m/fpv4-sp/hard\libc_nano.a(lib_a-mprec.o)
                0x0801b18c                __i2b
 .text.__multiply
                0x0801b19e      0x12c c:/ac6/systemworkbench/plugins/fr.ac6.mcu.externaltools.arm-none.win32_1.17.0.201812190825/tools/compiler/bin/../lib/gcc/arm-none-eabi/7.3.1/../../../../arm-none-eabi/lib/thumb/v7e-m/fpv4-sp/hard\libc_nano.a(lib_a-mprec.o)
                0x0801b19e                __multiply
 *fill*         0x0801b2ca        0x2 
 .text.__pow5mult
                0x0801b2cc       0x9c c:/ac6/systemworkbench/plugins/fr.ac6.mcu.externaltools.arm-none.win32_1.17.0.201812190825/tools/compiler/bin/../lib/gcc/arm-none-eabi/7.3.1/../../../../arm-none-eabi/lib/thumb/v7e-m/fpv4-sp/hard\libc_nano.a(lib_a-mprec.o)
                0x0801b2cc                __pow5mult
 .text.__lshift
                0x0801b368       0xa8 c:/ac6/systemworkbench/plugins/fr.ac6.mcu.externaltools.arm-none.win32_1.17.0.201812190825/tools/compiler/bin/../lib/gcc/arm-none-eabi/7.3.1/../../../../arm-none-eabi/lib/thumb/v7e-m/fpv4-sp/hard\libc_nano.a(lib_a-mprec.o)
                0x0801b368                __lshift
 .text.__mcmp   0x0801b410       0x34 c:/ac6/systemworkbench/plugins/fr.ac6.mcu.externaltools.arm-none.win32_1.17.0.201812190825/tools/compiler/bin/../lib/gcc/arm-none-eabi/7.3.1/../../../../arm-none-eabi/lib/thumb/v7e-m/fpv4-sp/hard\libc_nano.a(lib_a-mprec.o)
                0x0801b410                __mcmp
 .text.__mdiff  0x0801b444       0xba c:/ac6/systemworkbench/plugins/fr.ac6.mcu.externaltools.arm-none.win32_1.17.0.201812190825/tools/compiler/bin/../lib/gcc/arm-none-eabi/7.3.1/../../../../arm-none-eabi/lib/thumb/v7e-m/fpv4-sp/hard\libc_nano.a(lib_a-mprec.o)
                0x0801b444                __mdiff
 .text.__d2b    0x0801b4fe       0x9e c:/ac6/systemworkbench/plugins/fr.ac6.mcu.externaltools.arm-none.win32_1.17.0.201812190825/tools/compiler/bin/../lib/gcc/arm-none-eabi/7.3.1/../../../../arm-none-eabi/lib/thumb/v7e-m/fpv4-sp/hard\libc_nano.a(lib_a-mprec.o)
                0x0801b4fe                __d2b
 .text._calloc_r
                0x0801b59c       0x1c c:/ac6/systemworkbench/plugins/fr.ac6.mcu.externaltools.arm-none.win32_1.17.0.201812190825/tools/compiler/bin/../lib/gcc/arm-none-eabi/7.3.1/../../../../arm-none-eabi/lib/thumb/v7e-m/fpv4-sp/hard\libc_nano.a(lib_a-nano-callocr.o)
                0x0801b59c                _calloc_r
 .text._sungetc_r
                0x0801b5b8       0x7a c:/ac6/systemworkbench/plugins/fr.ac6.mcu.externaltools.arm-none.win32_1.17.0.201812190825/tools/compiler/bin/../lib/gcc/arm-none-eabi/7.3.1/../../../../arm-none-eabi/lib/thumb/v7e-m/fpv4-sp/hard\libc_nano.a(lib_a-nano-svfscanf.o)
                0x0801b5b8                _sungetc_r
 .text.__ssrefill_r
                0x0801b632       0x3a c:/ac6/systemworkbench/plugins/fr.ac6.mcu.externaltools.arm-none.win32_1.17.0.201812190825/tools/compiler/bin/../lib/gcc/arm-none-eabi/7.3.1/../../../../arm-none-eabi/lib/thumb/v7e-m/fpv4-sp/hard\libc_nano.a(lib_a-nano-svfscanf.o)
                0x0801b632                __ssrefill_r
 .text.__ssvfscanf_r
                0x0801b66c      0x2a0 c:/ac6/systemworkbench/plugins/fr.ac6.mcu.externaltools.arm-none.win32_1.17.0.201812190825/tools/compiler/bin/../lib/gcc/arm-none-eabi/7.3.1/../../../../arm-none-eabi/lib/thumb/v7e-m/fpv4-sp/hard\libc_nano.a(lib_a-nano-svfscanf.o)
                0x0801b66c                __ssvfiscanf_r
                0x0801b66c                __ssvfscanf_r
 .text.__sfputc_r
                0x0801b90c       0x2e c:/ac6/systemworkbench/plugins/fr.ac6.mcu.externaltools.arm-none.win32_1.17.0.201812190825/tools/compiler/bin/../lib/gcc/arm-none-eabi/7.3.1/../../../../arm-none-eabi/lib/thumb/v7e-m/fpv4-sp/hard\libc_nano.a(lib_a-nano-vfprintf.o)
 .text.__sfputs_r
                0x0801b93a       0x24 c:/ac6/systemworkbench/plugins/fr.ac6.mcu.externaltools.arm-none.win32_1.17.0.201812190825/tools/compiler/bin/../lib/gcc/arm-none-eabi/7.3.1/../../../../arm-none-eabi/lib/thumb/v7e-m/fpv4-sp/hard\libc_nano.a(lib_a-nano-vfprintf.o)
                0x0801b93a                __sfputs_r
 *fill*         0x0801b95e        0x2 
 .text._vfprintf_r
                0x0801b960      0x22c c:/ac6/systemworkbench/plugins/fr.ac6.mcu.externaltools.arm-none.win32_1.17.0.201812190825/tools/compiler/bin/../lib/gcc/arm-none-eabi/7.3.1/../../../../arm-none-eabi/lib/thumb/v7e-m/fpv4-sp/hard\libc_nano.a(lib_a-nano-vfprintf.o)
                0x0801b960                _vfprintf_r
                0x0801b960                _vfiprintf_r
 .text._scanf_chars
                0x0801bb8c       0xc6 c:/ac6/systemworkbench/plugins/fr.ac6.mcu.externaltools.arm-none.win32_1.17.0.201812190825/tools/compiler/bin/../lib/gcc/arm-none-eabi/7.3.1/../../../../arm-none-eabi/lib/thumb/v7e-m/fpv4-sp/hard\libc_nano.a(lib_a-nano-vfscanf_i.o)
                0x0801bb8c                _scanf_chars
 *fill*         0x0801bc52        0x2 
 .text._scanf_i
                0x0801bc54      0x1e8 c:/ac6/systemworkbench/plugins/fr.ac6.mcu.externaltools.arm-none.win32_1.17.0.201812190825/tools/compiler/bin/../lib/gcc/arm-none-eabi/7.3.1/../../../../arm-none-eabi/lib/thumb/v7e-m/fpv4-sp/hard\libc_nano.a(lib_a-nano-vfscanf_i.o)
                0x0801bc54                _scanf_i
 .text._putc_r  0x0801be3c       0x6c c:/ac6/systemworkbench/plugins/fr.ac6.mcu.externaltools.arm-none.win32_1.17.0.201812190825/tools/compiler/bin/../lib/gcc/arm-none-eabi/7.3.1/../../../../arm-none-eabi/lib/thumb/v7e-m/fpv4-sp/hard\libc_nano.a(lib_a-putc.o)
                0x0801be3c                _putc_r
 .text._read_r  0x0801bea8       0x24 c:/ac6/systemworkbench/plugins/fr.ac6.mcu.externaltools.arm-none.win32_1.17.0.201812190825/tools/compiler/bin/../lib/gcc/arm-none-eabi/7.3.1/../../../../arm-none-eabi/lib/thumb/v7e-m/fpv4-sp/hard\libc_nano.a(lib_a-readr.o)
                0x0801bea8                _read_r
 .text.__sccl   0x0801becc       0x64 c:/ac6/systemworkbench/plugins/fr.ac6.mcu.externaltools.arm-none.win32_1.17.0.201812190825/tools/compiler/bin/../lib/gcc/arm-none-eabi/7.3.1/../../../../arm-none-eabi/lib/thumb/v7e-m/fpv4-sp/hard\libc_nano.a(lib_a-sccl.o)
                0x0801becc                __sccl
 .text._strtoul_l.isra.0
                0x0801bf30       0xf4 c:/ac6/systemworkbench/plugins/fr.ac6.mcu.externaltools.arm-none.win32_1.17.0.201812190825/tools/compiler/bin/../lib/gcc/arm-none-eabi/7.3.1/../../../../arm-none-eabi/lib/thumb/v7e-m/fpv4-sp/hard\libc_nano.a(lib_a-strtoul.o)
 .text._strtoul_r
                0x0801c024       0x24 c:/ac6/systemworkbench/plugins/fr.ac6.mcu.externaltools.arm-none.win32_1.17.0.201812190825/tools/compiler/bin/../lib/gcc/arm-none-eabi/7.3.1/../../../../arm-none-eabi/lib/thumb/v7e-m/fpv4-sp/hard\libc_nano.a(lib_a-strtoul.o)
                0x0801c024                _strtoul_r
 .text.__submore
                0x0801c048       0x74 c:/ac6/systemworkbench/plugins/fr.ac6.mcu.externaltools.arm-none.win32_1.17.0.201812190825/tools/compiler/bin/../lib/gcc/arm-none-eabi/7.3.1/../../../../arm-none-eabi/lib/thumb/v7e-m/fpv4-sp/hard\libc_nano.a(lib_a-ungetc.o)
                0x0801c048                __submore
 .text.__ascii_wctomb
                0x0801c0bc       0x1a c:/ac6/systemworkbench/plugins/fr.ac6.mcu.externaltools.arm-none.win32_1.17.0.201812190825/tools/compiler/bin/../lib/gcc/arm-none-eabi/7.3.1/../../../../arm-none-eabi/lib/thumb/v7e-m/fpv4-sp/hard\libc_nano.a(lib_a-wctomb_r.o)
                0x0801c0bc                __ascii_wctomb
 *fill*         0x0801c0d6        0x2 
 .text._fstat_r
                0x0801c0d8       0x24 c:/ac6/systemworkbench/plugins/fr.ac6.mcu.externaltools.arm-none.win32_1.17.0.201812190825/tools/compiler/bin/../lib/gcc/arm-none-eabi/7.3.1/../../../../arm-none-eabi/lib/thumb/v7e-m/fpv4-sp/hard\libc_nano.a(lib_a-fstatr.o)
                0x0801c0d8                _fstat_r
 .text._isatty_r
                0x0801c0fc       0x20 c:/ac6/systemworkbench/plugins/fr.ac6.mcu.externaltools.arm-none.win32_1.17.0.201812190825/tools/compiler/bin/../lib/gcc/arm-none-eabi/7.3.1/../../../../arm-none-eabi/lib/thumb/v7e-m/fpv4-sp/hard\libc_nano.a(lib_a-isattyr.o)
                0x0801c0fc                _isatty_r
 .text._realloc_r
                0x0801c11c       0x4c c:/ac6/systemworkbench/plugins/fr.ac6.mcu.externaltools.arm-none.win32_1.17.0.201812190825/tools/compiler/bin/../lib/gcc/arm-none-eabi/7.3.1/../../../../arm-none-eabi/lib/thumb/v7e-m/fpv4-sp/hard\libc_nano.a(lib_a-nano-reallocr.o)
                0x0801c11c                _realloc_r
 .text._malloc_usable_size_r
                0x0801c168       0x10 c:/ac6/systemworkbench/plugins/fr.ac6.mcu.externaltools.arm-none.win32_1.17.0.201812190825/tools/compiler/bin/../lib/gcc/arm-none-eabi/7.3.1/../../../../arm-none-eabi/lib/thumb/v7e-m/fpv4-sp/hard\libc_nano.a(lib_a-nano-msizer.o)
                0x0801c168                _malloc_usable_size_r
 .text._close   0x0801c178       0x10 c:/ac6/systemworkbench/plugins/fr.ac6.mcu.externaltools.arm-none.win32_1.17.0.201812190825/tools/compiler/bin/../lib/gcc/arm-none-eabi/7.3.1/../../../../arm-none-eabi/lib/thumb/v7e-m/fpv4-sp/hard\libnosys.a(close.o)